Component: ARM Compiler 6.15 Tool: armlink [5dd79300]

==============================================================================

Section Cross References

    startup_stm32l431xx.o(RESET) refers to startup_stm32l431xx.o(STACK) for __initial_sp
    startup_stm32l431xx.o(RESET) refers to startup_stm32l431xx.o(.text) for Reset_Handler
    startup_stm32l431xx.o(RESET) refers to stm32l4xx_it.o(.text.NMI_Handler) for NMI_Handler
    startup_stm32l431xx.o(RESET) refers to stm32l4xx_it.o(.text.HardFault_Handler) for HardFault_Handler
    startup_stm32l431xx.o(RESET) refers to stm32l4xx_it.o(.text.MemManage_Handler) for MemManage_Handler
    startup_stm32l431xx.o(RESET) refers to stm32l4xx_it.o(.text.BusFault_Handler) for BusFault_Handler
    startup_stm32l431xx.o(RESET) refers to stm32l4xx_it.o(.text.UsageFault_Handler) for UsageFault_Handler
    startup_stm32l431xx.o(RESET) refers to stm32l4xx_it.o(.text.SVC_Handler) for SVC_Handler
    startup_stm32l431xx.o(RESET) refers to stm32l4xx_it.o(.text.DebugMon_Handler) for DebugMon_Handler
    startup_stm32l431xx.o(RESET) refers to stm32l4xx_it.o(.text.PendSV_Handler) for PendSV_Handler
    startup_stm32l431xx.o(RESET) refers to stm32l4xx_it.o(.text.SysTick_Handler) for SysTick_Handler
    startup_stm32l431xx.o(RESET) refers to stm32l4xx_it.o(.text.USART1_IRQHandler) for USART1_IRQHandler
    startup_stm32l431xx.o(.text) refers to system_stm32l4xx.o(.text.SystemInit) for SystemInit
    startup_stm32l431xx.o(.text) refers to entry.o(.ARM.Collect$$$$00000000) for __main
    delay.o(.text.HAL_Delay_US) refers to tim.o(.bss.htim2) for htim2
    delay.o(.ARM.exidx.text.HAL_Delay_US) refers to delay.o(.text.HAL_Delay_US) for [Anonymous Symbol]
    main.o(.text.main) refers to stm32l4xx_hal.o(.text.HAL_Init) for HAL_Init
    main.o(.text.main) refers to main.o(.text.SystemClock_Config) for SystemClock_Config
    main.o(.text.main) refers to gpio.o(.text.MX_GPIO_Init) for MX_GPIO_Init
    main.o(.text.main) refers to usart.o(.text.MX_USART1_UART_Init) for MX_USART1_UART_Init
    main.o(.text.main) refers to tim.o(.text.MX_TIM2_Init) for MX_TIM2_Init
    main.o(.text.main) refers to stm32l4xx_hal_uart.o(.text.HAL_UART_Receive_IT) for HAL_UART_Receive_IT
    main.o(.text.main) refers to printf1.o(i.__0printf$1) for __2printf
    main.o(.text.main) refers to stm32l4xx_hal_uart.o(.text.HAL_UART_Transmit_IT) for HAL_UART_Transmit_IT
    main.o(.text.main) refers to stm32l4xx_hal.o(.text.HAL_Delay) for HAL_Delay
    main.o(.text.main) refers to puts.o(i.puts) for puts
    main.o(.text.main) refers to main.o(.bss.usart1_buf) for usart1_buf
    main.o(.text.main) refers to usart.o(.bss.huart1) for huart1
    main.o(.ARM.exidx.text.main) refers to main.o(.text.main) for [Anonymous Symbol]
    main.o(.text.SystemClock_Config) refers to memseta.o(.text) for __aeabi_memclr4
    main.o(.text.SystemClock_Config) refers to stm32l4xx_hal_rcc.o(.text.HAL_RCC_OscConfig) for HAL_RCC_OscConfig
    main.o(.text.SystemClock_Config) refers to stm32l4xx_hal_rcc.o(.text.HAL_RCC_ClockConfig) for HAL_RCC_ClockConfig
    main.o(.text.SystemClock_Config) refers to stm32l4xx_hal_rcc_ex.o(.text.HAL_RCCEx_PeriphCLKConfig) for HAL_RCCEx_PeriphCLKConfig
    main.o(.text.SystemClock_Config) refers to stm32l4xx_hal_pwr_ex.o(.text.HAL_PWREx_ControlVoltageScaling) for HAL_PWREx_ControlVoltageScaling
    main.o(.ARM.exidx.text.SystemClock_Config) refers to main.o(.text.SystemClock_Config) for [Anonymous Symbol]
    main.o(.ARM.exidx.text.Error_Handler) refers to main.o(.text.Error_Handler) for [Anonymous Symbol]
    gpio.o(.text.MX_GPIO_Init) refers to stm32l4xx_hal_gpio.o(.text.HAL_GPIO_WritePin) for HAL_GPIO_WritePin
    gpio.o(.text.MX_GPIO_Init) refers to stm32l4xx_hal_gpio.o(.text.HAL_GPIO_Init) for HAL_GPIO_Init
    gpio.o(.ARM.exidx.text.MX_GPIO_Init) refers to gpio.o(.text.MX_GPIO_Init) for [Anonymous Symbol]
    tim.o(.text.MX_TIM2_Init) refers to stm32l4xx_hal_tim.o(.text.HAL_TIM_Base_Init) for HAL_TIM_Base_Init
    tim.o(.text.MX_TIM2_Init) refers to main.o(.text.Error_Handler) for Error_Handler
    tim.o(.text.MX_TIM2_Init) refers to stm32l4xx_hal_tim.o(.text.HAL_TIM_ConfigClockSource) for HAL_TIM_ConfigClockSource
    tim.o(.text.MX_TIM2_Init) refers to stm32l4xx_hal_tim_ex.o(.text.HAL_TIMEx_MasterConfigSynchronization) for HAL_TIMEx_MasterConfigSynchronization
    tim.o(.text.MX_TIM2_Init) refers to tim.o(.bss.htim2) for htim2
    tim.o(.ARM.exidx.text.MX_TIM2_Init) refers to tim.o(.text.MX_TIM2_Init) for [Anonymous Symbol]
    tim.o(.ARM.exidx.text.HAL_TIM_Base_MspInit) refers to tim.o(.text.HAL_TIM_Base_MspInit) for [Anonymous Symbol]
    tim.o(.ARM.exidx.text.HAL_TIM_Base_MspDeInit) refers to tim.o(.text.HAL_TIM_Base_MspDeInit) for [Anonymous Symbol]
    usart.o(.text.fputc) refers to stm32l4xx_hal_uart.o(.text.HAL_UART_Transmit) for HAL_UART_Transmit
    usart.o(.text.fputc) refers to usart.o(.bss.huart1) for huart1
[...]
    Removing stm32l4xx_hal_exti.o(.ARM.exidx.text.HAL_EXTI_RegisterCallback), (8 bytes).
    Removing stm32l4xx_hal_exti.o(.text.HAL_EXTI_GetHandle), (12 bytes).
    Removing stm32l4xx_hal_exti.o(.ARM.exidx.text.HAL_EXTI_GetHandle), (8 bytes).
    Removing stm32l4xx_hal_exti.o(.text.HAL_EXTI_IRQHandler), (52 bytes).
    Removing stm32l4xx_hal_exti.o(.ARM.exidx.text.HAL_EXTI_IRQHandler), (8 bytes).
    Removing stm32l4xx_hal_exti.o(.text.HAL_EXTI_GetPending), (32 bytes).
    Removing stm32l4xx_hal_exti.o(.ARM.exidx.text.HAL_EXTI_GetPending), (8 bytes).
    Removing stm32l4xx_hal_exti.o(.text.HAL_EXTI_ClearPending), (28 bytes).
    Removing stm32l4xx_hal_exti.o(.ARM.exidx.text.HAL_EXTI_ClearPending), (8 bytes).
    Removing stm32l4xx_hal_exti.o(.text.HAL_EXTI_GenerateSWI), (28 bytes).
    Removing stm32l4xx_hal_exti.o(.ARM.exidx.text.HAL_EXTI_GenerateSWI), (8 bytes).
    Removing stm32l4xx_hal_uart.o(.text), (0 bytes).
    Removing stm32l4xx_hal_uart.o(.ARM.exidx.text.HAL_UART_Init), (8 bytes).
    Removing stm32l4xx_hal_uart.o(.text.HAL_UART_MspInit), (2 bytes).
    Removing stm32l4xx_hal_uart.o(.ARM.exidx.text.HAL_UART_MspInit), (8 bytes).
    Removing stm32l4xx_hal_uart.o(.ARM.exidx.text.UART_SetConfig), (8 bytes).
    Removing stm32l4xx_hal_uart.o(.ARM.exidx.text.UART_AdvFeatureConfig), (8 bytes).
    Removing stm32l4xx_hal_uart.o(.ARM.exidx.text.UART_CheckIdleState), (8 bytes).
    Removing stm32l4xx_hal_uart.o(.text.HAL_HalfDuplex_Init), (64 bytes).
    Removing stm32l4xx_hal_uart.o(.ARM.exidx.text.HAL_HalfDuplex_Init), (8 bytes).
    Removing stm32l4xx_hal_uart.o(.text.HAL_LIN_Init), (96 bytes).
    Removing stm32l4xx_hal_uart.o(.ARM.exidx.text.HAL_LIN_Init), (8 bytes).
    Removing stm32l4xx_hal_uart.o(.text.HAL_MultiProcessor_Init), (96 bytes).
    Removing stm32l4xx_hal_uart.o(.ARM.exidx.text.HAL_MultiProcessor_Init), (8 bytes).
    Removing stm32l4xx_hal_uart.o(.text.HAL_UART_DeInit), (52 bytes).
    Removing stm32l4xx_hal_uart.o(.ARM.exidx.text.HAL_UART_DeInit), (8 bytes).
    Removing stm32l4xx_hal_uart.o(.text.HAL_UART_MspDeInit), (2 bytes).
    Removing stm32l4xx_hal_uart.o(.ARM.exidx.text.HAL_UART_MspDeInit), (8 bytes).
    Removing stm32l4xx_hal_uart.o(.ARM.exidx.text.HAL_UART_Transmit), (8 bytes).
    Removing stm32l4xx_hal_uart.o(.ARM.exidx.text.UART_WaitOnFlagUntilTimeout), (8 bytes).
    Removing stm32l4xx_hal_uart.o(.text.HAL_UART_Receive), (210 bytes).
    Removing stm32l4xx_hal_uart.o(.ARM.exidx.text.HAL_UART_Receive), (8 bytes).
    Removing stm32l4xx_hal_uart.o(.ARM.exidx.text.HAL_UART_Transmit_IT), (8 bytes).
    Removing stm32l4xx_hal_uart.o(.ARM.exidx.text.UART_TxISR_16BIT), (8 bytes).
    Removing stm32l4xx_hal_uart.o(.ARM.exidx.text.UART_TxISR_8BIT), (8 bytes).
    Removing stm32l4xx_hal_uart.o(.ARM.exidx.text.HAL_UART_Receive_IT), (8 bytes).
    Removing stm32l4xx_hal_uart.o(.ARM.exidx.text.UART_RxISR_16BIT), (8 bytes).
    Removing stm32l4xx_hal_uart.o(.ARM.exidx.text.UART_RxISR_8BIT), (8 bytes).
    Removing stm32l4xx_hal_uart.o(.text.HAL_UART_Transmit_DMA), (124 bytes).
    Removing stm32l4xx_hal_uart.o(.ARM.exidx.text.HAL_UART_Transmit_DMA), (8 bytes).
    Removing stm32l4xx_hal_uart.o(.text.UART_DMATransmitCplt), (40 bytes).
    Removing stm32l4xx_hal_uart.o(.ARM.exidx.text.UART_DMATransmitCplt), (8 bytes).
    Removing stm32l4xx_hal_uart.o(.text.UART_DMATxHalfCplt), (6 bytes).
    Removing stm32l4xx_hal_uart.o(.ARM.exidx.text.UART_DMATxHalfCplt), (8 bytes).
    Removing stm32l4xx_hal_uart.o(.text.UART_DMAError), (82 bytes).
    Removing stm32l4xx_hal_uart.o(.ARM.exidx.text.UART_DMAError), (8 bytes).
    Removing stm32l4xx_hal_uart.o(.text.HAL_UART_Receive_DMA), (132 bytes).
    Removing stm32l4xx_hal_uart.o(.ARM.exidx.text.HAL_UART_Receive_DMA), (8 bytes).
    Removing stm32l4xx_hal_uart.o(.text.UART_DMAReceiveCplt), (34 bytes).
    Removing stm32l4xx_hal_uart.o(.ARM.exidx.text.UART_DMAReceiveCplt), (8 bytes).
    Removing stm32l4xx_hal_uart.o(.text.UART_DMARxHalfCplt), (6 bytes).
    Removing stm32l4xx_hal_uart.o(.ARM.exidx.text.UART_DMARxHalfCplt), (8 bytes).
    Removing stm32l4xx_hal_uart.o(.text.HAL_UART_DMAPause), (72 bytes).
    Removing stm32l4xx_hal_uart.o(.ARM.exidx.text.HAL_UART_DMAPause), (8 bytes).
    Removing stm32l4xx_hal_uart.o(.text.HAL_UART_DMAResume), (80 bytes).
    Removing stm32l4xx_hal_uart.o(.ARM.exidx.text.HAL_UART_DMAResume), (8 bytes).
    Removing stm32l4xx_hal_uart.o(.text.HAL_UART_DMAStop), (118 bytes).
    Removing stm32l4xx_hal_uart.o(.ARM.exidx.text.HAL_UART_DMAStop), (8 bytes).
    Removing stm32l4xx_hal_uart.o(.ARM.exidx.text.UART_EndRxTransfer), (8 bytes).
    Removing stm32l4xx_hal_uart.o(.text.HAL_UART_Abort), (114 bytes).
    Removing stm32l4xx_hal_uart.o(.ARM.exidx.text.HAL_UART_Abort), (8 bytes).
    Removing stm32l4xx_hal_uart.o(.text.HAL_UART_AbortTransmit), (50 bytes).
    Removing stm32l4xx_hal_uart.o(.ARM.exidx.text.HAL_UART_AbortTransmit), (8 bytes).
    Removing stm32l4xx_hal_uart.o(.text.HAL_UART_AbortReceive), (76 bytes).
    Removing stm32l4xx_hal_uart.o(.ARM.exidx.text.HAL_UART_AbortReceive), (8 bytes).
    Removing stm32l4xx_hal_uart.o(.text.HAL_UART_Abort_IT), (176 bytes).
    Removing stm32l4xx_hal_uart.o(.ARM.exidx.text.HAL_UART_Abort_IT), (8 bytes).
    Removing stm32l4xx_hal_uart.o(.text.UART_DMATxAbortCallback), (38 bytes).
    Removing stm32l4xx_hal_uart.o(.ARM.exidx.text.UART_DMATxAbortCallback), (8 bytes).
    Removing stm32l4xx_hal_uart.o(.text.UART_DMARxAbortCallback), (46 bytes).
    Removing stm32l4xx_hal_uart.o(.ARM.exidx.text.UART_DMARxAbortCallback), (8 bytes).
    Removing stm32l4xx_hal_uart.o(.text.HAL_UART_AbortCpltCallback), (2 bytes).
    Removing stm32l4xx_hal_uart.o(.ARM.exidx.text.HAL_UART_AbortCpltCallback), (8 bytes).
    Removing stm32l4xx_hal_uart.o(.text.HAL_UART_AbortTransmit_IT), (60 bytes).
    Removing stm32l4xx_hal_uart.o(.ARM.exidx.text.HAL_UART_AbortTransmit_IT), (8 bytes).
    Removing stm32l4xx_hal_uart.o(.text.UART_DMATxOnlyAbortCallback), (16 bytes).
    Removing stm32l4xx_hal_uart.o(.ARM.exidx.text.UART_DMATxOnlyAbortCallback), (8 bytes).
    Removing stm32l4xx_hal_uart.o(.text.HAL_UART_AbortTransmitCpltCallback), (2 bytes).
    Removing stm32l4xx_hal_uart.o(.ARM.exidx.text.HAL_UART_AbortTransmitCpltCallback), (8 bytes).
    Removing stm32l4xx_hal_uart.o(.text.HAL_UART_AbortReceive_IT), (104 bytes).
    Removing stm32l4xx_hal_uart.o(.ARM.exidx.text.HAL_UART_AbortReceive_IT), (8 bytes).
    Removing stm32l4xx_hal_uart.o(.text.UART_DMARxOnlyAbortCallback), (30 bytes).
    Removing stm32l4xx_hal_uart.o(.ARM.exidx.text.UART_DMARxOnlyAbortCallback), (8 bytes).
    Removing stm32l4xx_hal_uart.o(.text.HAL_UART_AbortReceiveCpltCallback), (2 bytes).
    Removing stm32l4xx_hal_uart.o(.ARM.exidx.text.HAL_UART_AbortReceiveCpltCallback), (8 bytes).
    Removing stm32l4xx_hal_uart.o(.ARM.exidx.text.HAL_UART_IRQHandler), (8 bytes).
    Removing stm32l4xx_hal_uart.o(.ARM.exidx.text.UART_DMAAbortOnError), (8 bytes).
    Removing stm32l4xx_hal_uart.o(.ARM.exidx.text.HAL_UART_ErrorCallback), (8 bytes).
    Removing stm32l4xx_hal_uart.o(.text.HAL_UART_TxCpltCallback), (2 bytes).
    Removing stm32l4xx_hal_uart.o(.ARM.exidx.text.HAL_UART_TxCpltCallback), (8 bytes).
    Removing stm32l4xx_hal_uart.o(.text.HAL_UART_TxHalfCpltCallback), (2 bytes).
    Removing stm32l4xx_hal_uart.o(.ARM.exidx.text.HAL_UART_TxHalfCpltCallback), (8 bytes).
    Removing stm32l4xx_hal_uart.o(.text.HAL_UART_RxCpltCallback), (2 bytes).
    Removing stm32l4xx_hal_uart.o(.ARM.exidx.text.HAL_UART_RxCpltCallback), (8 bytes).
    Removing stm32l4xx_hal_uart.o(.text.HAL_UART_RxHalfCpltCallback), (2 bytes).
    Removing stm32l4xx_hal_uart.o(.ARM.exidx.text.HAL_UART_RxHalfCpltCallback), (8 bytes).
    Removing stm32l4xx_hal_uart.o(.text.HAL_UART_ReceiverTimeout_Config), (24 bytes).
    Removing stm32l4xx_hal_uart.o(.ARM.exidx.text.HAL_UART_ReceiverTimeout_Config), (8 bytes).
    Removing stm32l4xx_hal_uart.o(.text.HAL_UART_EnableReceiverTimeout), (60 bytes).
    Removing stm32l4xx_hal_uart.o(.ARM.exidx.text.HAL_UART_EnableReceiverTimeout), (8 bytes).
    Removing stm32l4xx_hal_uart.o(.text.HAL_UART_DisableReceiverTimeout), (60 bytes).
    Removing stm32l4xx_hal_uart.o(.ARM.exidx.text.HAL_UART_DisableReceiverTimeout), (8 bytes).
    Removing stm32l4xx_hal_uart.o(.text.HAL_MultiProcessor_EnableMuteMode), (28 bytes).
    Removing stm32l4xx_hal_uart.o(.ARM.exidx.text.HAL_MultiProcessor_EnableMuteMode), (8 bytes).
    Removing stm32l4xx_hal_uart.o(.text.HAL_MultiProcessor_DisableMuteMode), (28 bytes).
    Removing stm32l4xx_hal_uart.o(.ARM.exidx.text.HAL_MultiProcessor_DisableMuteMode), (8 bytes).
    Removing stm32l4xx_hal_uart.o(.text.HAL_MultiProcessor_EnterMuteMode), (12 bytes).
    Removing stm32l4xx_hal_uart.o(.ARM.exidx.text.HAL_MultiProcessor_EnterMuteMode), (8 bytes).
    Removing stm32l4xx_hal_uart.o(.text.HAL_HalfDuplex_EnableTransmitter), (48 bytes).
    Removing stm32l4xx_hal_uart.o(.ARM.exidx.text.HAL_HalfDuplex_EnableTransmitter), (8 bytes).
    Removing stm32l4xx_hal_uart.o(.text.HAL_HalfDuplex_EnableReceiver), (48 bytes).
    Removing stm32l4xx_hal_uart.o(.ARM.exidx.text.HAL_HalfDuplex_EnableReceiver), (8 bytes).
    Removing stm32l4xx_hal_uart.o(.text.HAL_LIN_SendBreak), (40 bytes).
    Removing stm32l4xx_hal_uart.o(.ARM.exidx.text.HAL_LIN_SendBreak), (8 bytes).
    Removing stm32l4xx_hal_uart.o(.text.HAL_UART_GetState), (8 bytes).
    Removing stm32l4xx_hal_uart.o(.ARM.exidx.text.HAL_UART_GetState), (8 bytes).
    Removing stm32l4xx_hal_uart.o(.text.HAL_UART_GetError), (4 bytes).
    Removing stm32l4xx_hal_uart.o(.ARM.exidx.text.HAL_UART_GetError), (8 bytes).
    Removing stm32l4xx_hal_uart.o(.ARM.exidx.text.OUTLINED_FUNCTION_0), (8 bytes).
    Removing stm32l4xx_hal_uart.o(.ARM.exidx.text.OUTLINED_FUNCTION_1), (8 bytes).
    Removing stm32l4xx_hal_uart.o(.ARM.exidx.text.OUTLINED_FUNCTION_2), (8 bytes).
    Removing stm32l4xx_hal_uart.o(.ARM.exidx.text.OUTLINED_FUNCTION_3), (8 bytes).
    Removing stm32l4xx_hal_uart.o(.ARM.exidx.text.OUTLINED_FUNCTION_4), (8 bytes).
    Removing stm32l4xx_hal_uart.o(.text.OUTLINED_FUNCTION_5), (26 bytes).
    Removing stm32l4xx_hal_uart.o(.ARM.exidx.text.OUTLINED_FUNCTION_5), (8 bytes).
    Removing stm32l4xx_hal_uart.o(.ARM.exidx.text.OUTLINED_FUNCTION_6), (8 bytes).
    Removing stm32l4xx_hal_uart.o(.text.OUTLINED_FUNCTION_7), (14 bytes).
    Removing stm32l4xx_hal_uart.o(.ARM.exidx.text.OUTLINED_FUNCTION_7), (8 bytes).
    Removing stm32l4xx_hal_uart.o(.text.OUTLINED_FUNCTION_8), (16 bytes).
    Removing stm32l4xx_hal_uart.o(.ARM.exidx.text.OUTLINED_FUNCTION_8), (8 bytes).
    Removing stm32l4xx_hal_uart.o(.text.OUTLINED_FUNCTION_9), (8 bytes).
    Removing stm32l4xx_hal_uart.o(.ARM.exidx.text.OUTLINED_FUNCTION_9), (8 bytes).
    Removing stm32l4xx_hal_uart.o(.ARM.exidx.text.OUTLINED_FUNCTION_10), (8 bytes).
    Removing stm32l4xx_hal_uart.o(.text.OUTLINED_FUNCTION_11), (18 bytes).
    Removing stm32l4xx_hal_uart.o(.ARM.exidx.text.OUTLINED_FUNCTION_11), (8 bytes).
    Removing stm32l4xx_hal_uart.o(.text.OUTLINED_FUNCTION_12), (16 bytes).
    Removing stm32l4xx_hal_uart.o(.ARM.exidx.text.OUTLINED_FUNCTION_12), (8 bytes).
    Removing stm32l4xx_hal_uart.o(.ARM.exidx.text.OUTLINED_FUNCTION_13), (8 bytes).
    Removing stm32l4xx_hal_uart.o(.text.OUTLINED_FUNCTION_14), (10 bytes).
    Removing stm32l4xx_hal_uart.o(.ARM.exidx.text.OUTLINED_FUNCTION_14), (8 bytes).
    Removing stm32l4xx_hal_uart.o(.text.OUTLINED_FUNCTION_15), (14 bytes).
    Removing stm32l4xx_hal_uart.o(.ARM.exidx.text.OUTLINED_FUNCTION_15), (8 bytes).
    Removing stm32l4xx_hal_uart.o(.text.OUTLINED_FUNCTION_16), (14 bytes).
    Removing stm32l4xx_hal_uart.o(.ARM.exidx.text.OUTLINED_FUNCTION_16), (8 bytes).
    Removing stm32l4xx_hal_uart.o(.ARM.exidx.text.OUTLINED_FUNCTION_17), (8 bytes).
    Removing stm32l4xx_hal_uart.o(.ARM.exidx.text.OUTLINED_FUNCTION_18), (8 bytes).
    Removing stm32l4xx_hal_uart_ex.o(.text), (0 bytes).
    Removing stm32l4xx_hal_uart_ex.o(.text.HAL_RS485Ex_Init), (120 bytes).
    Removing stm32l4xx_hal_uart_ex.o(.ARM.exidx.text.HAL_RS485Ex_Init), (8 bytes).
    Removing stm32l4xx_hal_uart_ex.o(.ARM.exidx.text.HAL_UARTEx_WakeupCallback), (8 bytes).
    Removing stm32l4xx_hal_uart_ex.o(.text.HAL_UARTEx_EnableClockStopMode), (32 bytes).
    Removing stm32l4xx_hal_uart_ex.o(.ARM.exidx.text.HAL_UARTEx_EnableClockStopMode), (8 bytes).
    Removing stm32l4xx_hal_uart_ex.o(.text.HAL_UARTEx_DisableClockStopMode), (32 bytes).
    Removing stm32l4xx_hal_uart_ex.o(.ARM.exidx.text.HAL_UARTEx_DisableClockStopMode), (8 bytes).
    Removing stm32l4xx_hal_uart_ex.o(.text.HAL_MultiProcessorEx_AddressLength_Set), (42 bytes).
    Removing stm32l4xx_hal_uart_ex.o(.ARM.exidx.text.HAL_MultiProcessorEx_AddressLength_Set), (8 bytes).
    Removing stm32l4xx_hal_uart_ex.o(.text.HAL_UARTEx_StopModeWakeUpSourceConfig), (124 bytes).
    Removing stm32l4xx_hal_uart_ex.o(.ARM.exidx.text.HAL_UARTEx_StopModeWakeUpSourceConfig), (8 bytes).
    Removing stm32l4xx_hal_uart_ex.o(.text.HAL_UARTEx_EnableStopMode), (32 bytes).
    Removing stm32l4xx_hal_uart_ex.o(.ARM.exidx.text.HAL_UARTEx_EnableStopMode), (8 bytes).
    Removing stm32l4xx_hal_uart_ex.o(.text.HAL_UARTEx_DisableStopMode), (32 bytes).
    Removing stm32l4xx_hal_uart_ex.o(.ARM.exidx.text.HAL_UARTEx_DisableStopMode), (8 bytes).
    Removing system_stm32l4xx.o(.text), (0 bytes).
    Removing system_stm32l4xx.o(.ARM.exidx.text.SystemInit), (8 bytes).
    Removing system_stm32l4xx.o(.text.SystemCoreClockUpdate), (156 bytes).
    Removing system_stm32l4xx.o(.ARM.exidx.text.SystemCoreClockUpdate), (8 bytes).
    Removing dadd.o(.text), (350 bytes).
    Removing dmul.o(.text), (234 bytes).
    Removing ddiv.o(.text), (222 bytes).
    Removing dfixul.o(.text), (48 bytes).
    Removing cdrcmple.o(.text), (48 bytes).
    Removing depilogue.o(.text), (186 bytes).

1535 unused section(s) (total 46934 bytes) removed from the image.

==============================================================================

Image Symbol Table

    Local Symbols

    Symbol Name                              Value     Ov Type        Size  Object(Section)

    ../clib/division.s                       0x00000000   Number         0  aeabi_sdiv.o ABSOLUTE
    ../clib/microlib/division.c              0x00000000   Number         0  uldiv.o ABSOLUTE
    ../clib/microlib/division.c              0x00000000   Number         0  uidiv.o ABSOLUTE
    ../clib/microlib/init/entry.s            0x00000000   Number         0  entry.o ABSOLUTE
    ../clib/microlib/init/entry.s            0x00000000   Number         0  entry2.o ABSOLUTE
    ../clib/microlib/init/entry.s            0x00000000   Number         0  entry5.o ABSOLUTE
    ../clib/microlib/init/entry.s            0x00000000   Number         0  entry7a.o ABSOLUTE
    ../clib/microlib/init/entry.s            0x00000000   Number         0  entry7b.o ABSOLUTE
    ../clib/microlib/init/entry.s            0x00000000   Number         0  entry8a.o ABSOLUTE
    ../clib/microlib/init/entry.s            0x00000000   Number         0  entry8b.o ABSOLUTE
    ../clib/microlib/init/entry.s            0x00000000   Number         0  entry9a.o ABSOLUTE
    ../clib/microlib/init/entry.s            0x00000000   Number         0  entry9b.o ABSOLUTE
    ../clib/microlib/init/entry.s            0x00000000   Number         0  entry10a.o ABSOLUTE
    ../clib/microlib/init/entry.s            0x00000000   Number         0  entry10b.o ABSOLUTE
    ../clib/microlib/init/entry.s            0x00000000   Number         0  entry11a.o ABSOLUTE
    ../clib/microlib/init/entry.s            0x00000000   Number         0  entry11b.o ABSOLUTE
    ../clib/microlib/longlong.c              0x00000000   Number         0  llshl.o ABSOLUTE
    ../clib/microlib/longlong.c              0x00000000   Number         0  llushr.o ABSOLUTE
    ../clib/microlib/longlong.c              0x00000000   Number         0  llsshr.o ABSOLUTE
    ../clib/microlib/printf/printf.c         0x00000000   Number         0  printfb.o ABSOLUTE
    ../clib/microlib/printf/printf.c         0x00000000   Number         0  printf0.o ABSOLUTE
    ../clib/microlib/printf/printf.c         0x00000000   Number         0  printf1.o ABSOLUTE
    ../clib/microlib/printf/printf.c         0x00000000   Number         0  printf2.o ABSOLUTE
    ../clib/microlib/printf/printf.c         0x00000000   Number         0  printf3.o ABSOLUTE
    ../clib/microlib/printf/printf.c         0x00000000   Number         0  printf4.o ABSOLUTE
    ../clib/microlib/printf/printf.c         0x00000000   Number         0  printf5.o ABSOLUTE
    ../clib/microlib/printf/printf.c         0x00000000   Number         0  printf6.o ABSOLUTE
    ../clib/microlib/printf/printf.c         0x00000000   Number         0  printf7.o ABSOLUTE
    ../clib/microlib/printf/printf.c         0x00000000   Number         0  printf8.o ABSOLUTE
    ../clib/microlib/printf/printf.c         0x00000000   Number         0  printfa.o ABSOLUTE
    ../clib/microlib/printf/stubs.s          0x00000000   Number         0  printfstubs.o ABSOLUTE
    ../clib/microlib/stdio/puts.c            0x00000000   Number         0  puts.o ABSOLUTE
    ../clib/microlib/stdio/puts.c            0x00000000   Number         0  puts_e.o ABSOLUTE
    ../clib/microlib/string/memset.c         0x00000000   Number         0  memseta.o ABSOLUTE
    ../clib/microlib/stubs.s                 0x00000000   Number         0  iusefp.o ABSOLUTE
    ../fplib/microlib/fpadd.c                0x00000000   Number         0  dadd.o ABSOLUTE
    ../fplib/microlib/fpdiv.c                0x00000000   Number         0  ddiv.o ABSOLUTE
    ../fplib/microlib/fpepilogue.c           0x00000000   Number         0  depilogue.o ABSOLUTE
    ../fplib/microlib/fpfix.c                0x00000000   Number         0  dfixul.o ABSOLUTE
    ../fplib/microlib/fpmul.c                0x00000000   Number         0  dmul.o ABSOLUTE
    IIC.c                                    0x00000000   Number         0  iic.o ABSOLUTE
    SGP30.c                                  0x00000000   Number         0  sgp30.o ABSOLUTE
    cdrcmple.s                               0x00000000   Number         0  cdrcmple.o ABSOLUTE
    dc.s                                     0x00000000   Number         0  dc.o ABSOLUTE
    delay.c                                  0x00000000   Number         0  delay.o ABSOLUTE
    gpio.c                                   0x00000000   Number         0  gpio.o ABSOLUTE
    handlers.s                               0x00000000   Number         0  handlers.o ABSOLUTE
    init.s                                   0x00000000   Number         0  init.o ABSOLUTE
    main.c                                   0x00000000   Number         0  main.o ABSOLUTE
    startup_stm32l431xx.s                    0x00000000   Number         0  startup_stm32l431xx.o ABSOLUTE
    stm32l4xx_hal.c                          0x00000000   Number         0  stm32l4xx_hal.o ABSOLUTE
    stm32l4xx_hal_cortex.c                   0x00000000   Number         0  stm32l4xx_hal_cortex.o ABSOLUTE
    stm32l4xx_hal_dma.c                      0x00000000   Number         0  stm32l4xx_hal_dma.o ABSOLUTE
    stm32l4xx_hal_dma_ex.c                   0x00000000   Number         0  stm32l4xx_hal_dma_ex.o ABSOLUTE
    stm32l4xx_hal_exti.c                     0x00000000   Number         0  stm32l4xx_hal_exti.o ABSOLUTE
    stm32l4xx_hal_flash.c                    0x00000000   Number         0  stm32l4xx_hal_flash.o ABSOLUTE
    stm32l4xx_hal_flash_ex.c                 0x00000000   Number         0  stm32l4xx_hal_flash_ex.o ABSOLUTE
    stm32l4xx_hal_flash_ramfunc.c            0x00000000   Number         0  stm32l4xx_hal_flash_ramfunc.o ABSOLUTE
    stm32l4xx_hal_gpio.c                     0x00000000   Number         0  stm32l4xx_hal_gpio.o ABSOLUTE
    stm32l4xx_hal_i2c.c                      0x00000000   Number         0  stm32l4xx_hal_i2c.o ABSOLUTE
    stm32l4xx_hal_i2c_ex.c                   0x00000000   Number         0  stm32l4xx_hal_i2c_ex.o ABSOLUTE
    stm32l4xx_hal_msp.c                      0x00000000   Number         0  stm32l4xx_hal_msp.o ABSOLUTE
    stm32l4xx_hal_pwr.c                      0x00000000   Number         0  stm32l4xx_hal_pwr.o ABSOLUTE
    stm32l4xx_hal_pwr_ex.c                   0x00000000   Number         0  stm32l4xx_hal_pwr_ex.o ABSOLUTE
    stm32l4xx_hal_rcc.c                      0x00000000   Number         0  stm32l4xx_hal_rcc.o ABSOLUTE
    stm32l4xx_hal_rcc_ex.c                   0x00000000   Number         0  stm32l4xx_hal_rcc_ex.o ABSOLUTE
    stm32l4xx_hal_tim.c                      0x00000000   Number         0  stm32l4xx_hal_tim.o ABSOLUTE
    stm32l4xx_hal_tim_ex.c                   0x00000000   Number         0  stm32l4xx_hal_tim_ex.o ABSOLUTE
    stm32l4xx_hal_uart.c                     0x00000000   Number         0  stm32l4xx_hal_uart.o ABSOLUTE
    stm32l4xx_hal_uart_ex.c                  0x00000000   Number         0  stm32l4xx_hal_uart_ex.o ABSOLUTE
    stm32l4xx_it.c                           0x00000000   Number         0  stm32l4xx_it.o ABSOLUTE
    system_stm32l4xx.c                       0x00000000   Number         0  system_stm32l4xx.o ABSOLUTE
    tim.c                                    0x00000000   Number         0  tim.o ABSOLUTE
    usart.c                                  0x00000000   Number         0  usart.o ABSOLUTE
    RESET                                    0x08000000   Section      396  startup_stm32l431xx.o(RESET)
    .ARM.Collect$$$$00000000                 0x0800018c   Section        0  entry.o(.ARM.Collect$$$$00000000)
    .ARM.Collect$$$$00000001                 0x0800018c   Section        4  entry2.o(.ARM.Collect$$$$00000001)
    .ARM.Collect$$$$00000004                 0x08000190   Section        4  entry5.o(.ARM.Collect$$$$00000004)
    .ARM.Collect$$$$00000008                 0x08000194   Section        0  entry7b.o(.ARM.Collect$$$$00000008)
    .ARM.Collect$$$$0000000A                 0x08000194   Section        0  entry8b.o(.ARM.Collect$$$$0000000A)
    .ARM.Collect$$$$0000000B                 0x08000194   Section        8  entry9a.o(.ARM.Collect$$$$0000000B)
    __lit__00000000                          0x0800019c   Data           4  entry2.o(.ARM.Collect$$$$00002712)
    .ARM.Collect$$$$0000000D                 0x0800019c   Section        0  entry10a.o(.ARM.Collect$$$$0000000D)
    .ARM.Collect$$$$0000000F                 0x0800019c   Section        0  entry11a.o(.ARM.Collect$$$$0000000F)
    .ARM.Collect$$$$00002712                 0x0800019c   Section        4  entry2.o(.ARM.Collect$$$$00002712)
    $v0                                      0x080001a0   Number         0  startup_stm32l431xx.o(.text)
    .text                                    0x080001a0   Section       36  startup_stm32l431xx.o(.text)
    .text                                    0x080001c4   Section        0  uldiv.o(.text)
    .text                                    0x0800022c   Section        0  memseta.o(.text)
    .text                                    0x08000250   Section        0  uidiv.o(.text)
    .text                                    0x0800027c   Section        0  llshl.o(.text)
    .text                                    0x0800029a   Section        0  llushr.o(.text)
    .text                                    0x080002bc   Section       36  init.o(.text)
    [Anonymous Symbol]                       0x080002e0   Section        0  stm32l4xx_it.o(.text.BusFault_Handler)
    [Anonymous Symbol]                       0x080002e2   Section        0  stm32l4xx_it.o(.text.DebugMon_Handler)
    [Anonymous Symbol]                       0x080002e4   Section        0  main.o(.text.Error_Handler)
    [Anonymous Symbol]                       0x080002ec   Section        0  stm32l4xx_hal_dma.o(.text.HAL_DMA_Abort_IT)
    [Anonymous Symbol]                       0x08000338   Section        0  stm32l4xx_hal.o(.text.HAL_Delay)
    [Anonymous Symbol]                       0x08000358   Section        0  stm32l4xx_hal_gpio.o(.text.HAL_GPIO_Init)
    __arm_cp.0_0                             0x080004c4   Number         4  stm32l4xx_hal_gpio.o(.text.HAL_GPIO_Init)
    __arm_cp.0_1                             0x080004c8   Number         4  stm32l4xx_hal_gpio.o(.text.HAL_GPIO_Init)
    __arm_cp.0_2                             0x080004cc   Number         4  stm32l4xx_hal_gpio.o(.text.HAL_GPIO_Init)
    __arm_cp.0_3                             0x080004d0   Number         4  stm32l4xx_hal_gpio.o(.text.HAL_GPIO_Init)
    __arm_cp.0_4                             0x080004d4   Number         4  stm32l4xx_hal_gpio.o(.text.HAL_GPIO_Init)
    [Anonymous Symbol]                       0x080004de   Section        0  stm32l4xx_hal_gpio.o(.text.HAL_GPIO_WritePin)
    [Anonymous Symbol]                       0x080004ec   Section        0  stm32l4xx_hal.o(.text.HAL_GetTick)
    [Anonymous Symbol]                       0x080004f4   Section        0  stm32l4xx_hal.o(.text.HAL_IncTick)
    __arm_cp.5_1                             0x08000504   Number         4  stm32l4xx_hal.o(.text.HAL_IncTick)
    [Anonymous Symbol]                       0x08000508   Section        0  stm32l4xx_hal.o(.text.HAL_Init)
    [Anonymous Symbol]                       0x08000524   Section        0  stm32l4xx_hal.o(.text.HAL_InitTick)
    __arm_cp.1_0                             0x08000564   Number         4  stm32l4xx_hal.o(.text.HAL_InitTick)
    [Anonymous Symbol]                       0x08000568   Section        0  stm32l4xx_hal_msp.o(.text.HAL_MspInit)
    __arm_cp.0_0                             0x08000594   Number         4  stm32l4xx_hal_msp.o(.text.HAL_MspInit)
    [Anonymous Symbol]                       0x08000598   Section        0  stm32l4xx_hal_cortex.o(.text.HAL_NVIC_EnableIRQ)
    __arm_cp.3_0                             0x080005b0   Number         4  stm32l4xx_hal_cortex.o(.text.HAL_NVIC_EnableIRQ)
    [Anonymous Symbol]                       0x080005b4   Section        0  stm32l4xx_hal_cortex.o(.text.HAL_NVIC_SetPriority)
    [Anonymous Symbol]                       0x080005ec   Section        0  stm32l4xx_hal_cortex.o(.text.HAL_NVIC_SetPriorityGrouping)
    __arm_cp.0_0                             0x08000604   Number         4  stm32l4xx_hal_cortex.o(.text.HAL_NVIC_SetPriorityGrouping)
    __arm_cp.0_1                             0x08000608   Number         4  stm32l4xx_hal_cortex.o(.text.HAL_NVIC_SetPriorityGrouping)
    [Anonymous Symbol]                       0x0800060c   Section        0  stm32l4xx_hal_pwr_ex.o(.text.HAL_PWREx_ControlVoltageScaling)
    __arm_cp.1_1                             0x08000668   Number         4  stm32l4xx_hal_pwr_ex.o(.text.HAL_PWREx_ControlVoltageScaling)
    __arm_cp.1_2                             0x0800066c   Number         4  stm32l4xx_hal_pwr_ex.o(.text.HAL_PWREx_ControlVoltageScaling)
    [Anonymous Symbol]                       0x08000670   Section        0  stm32l4xx_hal_pwr_ex.o(.text.HAL_PWREx_GetVoltageRange)
    [Anonymous Symbol]                       0x0800067c   Section        0  stm32l4xx_hal_rcc_ex.o(.text.HAL_RCCEx_PeriphCLKConfig)
    __arm_cp.0_0                             0x080008c0   Number         4  stm32l4xx_hal_rcc_ex.o(.text.HAL_RCCEx_PeriphCLKConfig)
    __arm_cp.0_1                             0x080008c4   Number         4  stm32l4xx_hal_rcc_ex.o(.text.HAL_RCCEx_PeriphCLKConfig)
    [Anonymous Symbol]                       0x080008c8   Section        0  stm32l4xx_hal_rcc.o(.text.HAL_RCC_ClockConfig)
    __arm_cp.4_0                             0x080009e4   Number         4  stm32l4xx_hal_rcc.o(.text.HAL_RCC_ClockConfig)
    __arm_cp.4_2                             0x080009e8   Number         4  stm32l4xx_hal_rcc.o(.text.HAL_RCC_ClockConfig)
    __arm_cp.4_4                             0x080009ec   Number         4  stm32l4xx_hal_rcc.o(.text.HAL_RCC_ClockConfig)
    [Anonymous Symbol]                       0x080009f0   Section        0  stm32l4xx_hal_rcc.o(.text.HAL_RCC_GetPCLK1Freq)
    __arm_cp.7_0                             0x08000a04   Number         4  stm32l4xx_hal_rcc.o(.text.HAL_RCC_GetPCLK1Freq)
    [Anonymous Symbol]                       0x08000a08   Section        0  stm32l4xx_hal_rcc.o(.text.HAL_RCC_GetPCLK2Freq)
    __arm_cp.8_0                             0x08000a1c   Number         4  stm32l4xx_hal_rcc.o(.text.HAL_RCC_GetPCLK2Freq)
    __arm_cp.8_1                             0x08000a20   Number         4  stm32l4xx_hal_rcc.o(.text.HAL_RCC_GetPCLK2Freq)
    __arm_cp.8_2                             0x08000a24   Number         4  stm32l4xx_hal_rcc.o(.text.HAL_RCC_GetPCLK2Freq)
    [Anonymous Symbol]                       0x08000a28   Section        0  stm32l4xx_hal_rcc.o(.text.HAL_RCC_GetSysClockFreq)
    __arm_cp.3_0                             0x08000abc   Number         4  stm32l4xx_hal_rcc.o(.text.HAL_RCC_GetSysClockFreq)
    __arm_cp.3_1                             0x08000ac0   Number         4  stm32l4xx_hal_rcc.o(.text.HAL_RCC_GetSysClockFreq)
    __arm_cp.3_2                             0x08000ac4   Number         4  stm32l4xx_hal_rcc.o(.text.HAL_RCC_GetSysClockFreq)
    __arm_cp.3_3                             0x08000ac8   Number         4  stm32l4xx_hal_rcc.o(.text.HAL_RCC_GetSysClockFreq)
    [Anonymous Symbol]                       0x08000acc   Section        0  stm32l4xx_hal_rcc.o(.text.HAL_RCC_OscConfig)
    __arm_cp.1_8                             0x08000e44   Number         4  stm32l4xx_hal_rcc.o(.text.HAL_RCC_OscConfig)
    __arm_cp.1_1                             0x08000fe4   Number         4  stm32l4xx_hal_rcc.o(.text.HAL_RCC_OscConfig)
    __arm_cp.1_2                             0x08000fe8   Number         4  stm32l4xx_hal_rcc.o(.text.HAL_RCC_OscConfig)
    __arm_cp.1_3                             0x08000fec   Number         4  stm32l4xx_hal_rcc.o(.text.HAL_RCC_OscConfig)
    __arm_cp.1_4                             0x08000ff0   Number         4  stm32l4xx_hal_rcc.o(.text.HAL_RCC_OscConfig)
    __arm_cp.1_5                             0x08000ff4   Number         4  stm32l4xx_hal_rcc.o(.text.HAL_RCC_OscConfig)
    __arm_cp.1_6                             0x08000ff8   Number         4  stm32l4xx_hal_rcc.o(.text.HAL_RCC_OscConfig)
    __arm_cp.1_7                             0x08000ffc   Number         4  stm32l4xx_hal_rcc.o(.text.HAL_RCC_OscConfig)
    [Anonymous Symbol]                       0x08001000   Section        0  stm32l4xx_hal_cortex.o(.text.HAL_SYSTICK_Config)
    __arm_cp.7_0                             0x08001020   Number         4  stm32l4xx_hal_cortex.o(.text.HAL_SYSTICK_Config)
    __arm_cp.7_1                             0x08001024   Number         4  stm32l4xx_hal_cortex.o(.text.HAL_SYSTICK_Config)
    [Anonymous Symbol]                       0x08001028   Section        0  stm32l4xx_hal_tim_ex.o(.text.HAL_TIMEx_MasterConfigSynchronization)
    __arm_cp.34_0                            0x08001088   Number         4  stm32l4xx_hal_tim_ex.o(.text.HAL_TIMEx_MasterConfigSynchronization)
    __arm_cp.34_1                            0x0800108c   Number         4  stm32l4xx_hal_tim_ex.o(.text.HAL_TIMEx_MasterConfigSynchronization)
    [Anonymous Symbol]                       0x08001090   Section        0  stm32l4xx_hal_tim.o(.text.HAL_TIM_Base_Init)
    [Anonymous Symbol]                       0x080010b0   Section        0  tim.o(.text.HAL_TIM_Base_MspInit)
    __arm_cp.1_0                             0x080010d4   Number         4  tim.o(.text.HAL_TIM_Base_MspInit)
    [Anonymous Symbol]                       0x080010d8   Section        0  stm32l4xx_hal_tim.o(.text.HAL_TIM_ConfigClockSource)
    __arm_cp.96_0                            0x08001188   Number         4  stm32l4xx_hal_tim.o(.text.HAL_TIM_ConfigClockSource)
    [Anonymous Symbol]                       0x0800118c   Section        0  stm32l4xx_hal_uart_ex.o(.text.HAL_UARTEx_WakeupCallback)
    [Anonymous Symbol]                       0x0800118e   Section        0  stm32l4xx_hal_uart.o(.text.HAL_UART_ErrorCallback)
    [Anonymous Symbol]                       0x08001190   Section        0  stm32l4xx_hal_uart.o(.text.HAL_UART_IRQHandler)
    __arm_cp.43_0                            0x080012d4   Number         4  stm32l4xx_hal_uart.o(.text.HAL_UART_IRQHandler)
    __arm_cp.43_1                            0x080012d8   Number         4  stm32l4xx_hal_uart.o(.text.HAL_UART_IRQHandler)
    [Anonymous Symbol]                       0x080012dc   Section        0  stm32l4xx_hal_uart.o(.text.HAL_UART_Init)
    [Anonymous Symbol]                       0x08001314   Section        0  usart.o(.text.HAL_UART_MspInit)
    [Anonymous Symbol]                       0x08001384   Section        0  stm32l4xx_hal_uart.o(.text.HAL_UART_Receive_IT)
    __arm_cp.16_0                            0x0800141c   Number         4  stm32l4xx_hal_uart.o(.text.HAL_UART_Receive_IT)
    __arm_cp.16_1                            0x08001420   Number         4  stm32l4xx_hal_uart.o(.text.HAL_UART_Receive_IT)
    [Anonymous Symbol]                       0x08001424   Section        0  usart.o(.text.HAL_UART_RxCpltCallback)
    [Anonymous Symbol]                       0x08001470   Section        0  stm32l4xx_hal_uart.o(.text.HAL_UART_Transmit)
    [Anonymous Symbol]                       0x08001530   Section        0  stm32l4xx_hal_uart.o(.text.HAL_UART_Transmit_IT)
    __arm_cp.13_0                            0x0800158c   Number         4  stm32l4xx_hal_uart.o(.text.HAL_UART_Transmit_IT)
    __arm_cp.13_1                            0x08001590   Number         4  stm32l4xx_hal_uart.o(.text.HAL_UART_Transmit_IT)
    [Anonymous Symbol]                       0x08001594   Section        0  usart.o(.text.HAL_UART_TxCpltCallback)
    __arm_cp.5_0                             0x080015c0   Number         4  usart.o(.text.HAL_UART_TxCpltCallback)
    __arm_cp.5_1                             0x080015c4   Number         4  usart.o(.text.HAL_UART_TxCpltCallback)
    [Anonymous Symbol]                       0x080015f0   Section        0  stm32l4xx_it.o(.text.HardFault_Handler)
    [Anonymous Symbol]                       0x080015f4   Section        0  gpio.o(.text.MX_GPIO_Init)
    __arm_cp.0_0                             0x0800165c   Number         4  gpio.o(.text.MX_GPIO_Init)
    __arm_cp.0_1                             0x08001660   Number         4  gpio.o(.text.MX_GPIO_Init)
    [Anonymous Symbol]                       0x08001664   Section        0  tim.o(.text.MX_TIM2_Init)
    __arm_cp.0_0                             0x080016c8   Number         4  tim.o(.text.MX_TIM2_Init)
    [Anonymous Symbol]                       0x080016cc   Section        0  usart.o(.text.MX_USART1_UART_Init)
    __arm_cp.1_0                             0x08001700   Number         4  usart.o(.text.MX_USART1_UART_Init)
    __arm_cp.1_1                             0x08001704   Number         4  usart.o(.text.MX_USART1_UART_Init)
    [Anonymous Symbol]                       0x08001708   Section        0  stm32l4xx_it.o(.text.MemManage_Handler)
    [Anonymous Symbol]                       0x0800170a   Section        0  stm32l4xx_it.o(.text.NMI_Handler)
    OUTLINED_FUNCTION_0                      0x0800170d   Thumb Code    36  stm32l4xx_hal_rcc.o(.text.OUTLINED_FUNCTION_0)
    [Anonymous Symbol]                       0x0800170c   Section        0  stm32l4xx_hal_rcc.o(.text.OUTLINED_FUNCTION_0)
    OUTLINED_FUNCTION_0                      0x08001731   Thumb Code    20  stm32l4xx_hal_uart.o(.text.OUTLINED_FUNCTION_0)
    [Anonymous Symbol]                       0x08001730   Section        0  stm32l4xx_hal_uart.o(.text.OUTLINED_FUNCTION_0)
    OUTLINED_FUNCTION_1                      0x08001745   Thumb Code    54  stm32l4xx_hal_tim.o(.text.OUTLINED_FUNCTION_1)
    [Anonymous Symbol]                       0x08001744   Section        0  stm32l4xx_hal_tim.o(.text.OUTLINED_FUNCTION_1)
    OUTLINED_FUNCTION_1                      0x0800177b   Thumb Code    20  stm32l4xx_hal_rcc.o(.text.OUTLINED_FUNCTION_1)
    [Anonymous Symbol]                       0x0800177a   Section        0  stm32l4xx_hal_rcc.o(.text.OUTLINED_FUNCTION_1)
    OUTLINED_FUNCTION_1                      0x0800178f   Thumb Code    16  stm32l4xx_hal_rcc_ex.o(.text.OUTLINED_FUNCTION_1)
    [Anonymous Symbol]                       0x0800178e   Section        0  stm32l4xx_hal_rcc_ex.o(.text.OUTLINED_FUNCTION_1)
    OUTLINED_FUNCTION_1                      0x0800179f   Thumb Code    28  stm32l4xx_hal_uart.o(.text.OUTLINED_FUNCTION_1)
    [Anonymous Symbol]                       0x0800179e   Section        0  stm32l4xx_hal_uart.o(.text.OUTLINED_FUNCTION_1)
    OUTLINED_FUNCTION_10                     0x080017bb   Thumb Code    20  stm32l4xx_hal_uart.o(.text.OUTLINED_FUNCTION_10)
    [Anonymous Symbol]                       0x080017ba   Section        0  stm32l4xx_hal_uart.o(.text.OUTLINED_FUNCTION_10)
    OUTLINED_FUNCTION_13                     0x080017cf   Thumb Code    10  stm32l4xx_hal_uart.o(.text.OUTLINED_FUNCTION_13)
    [Anonymous Symbol]                       0x080017ce   Section        0  stm32l4xx_hal_uart.o(.text.OUTLINED_FUNCTION_13)
    OUTLINED_FUNCTION_17                     0x080017d9   Thumb Code    14  stm32l4xx_hal_uart.o(.text.OUTLINED_FUNCTION_17)
    [Anonymous Symbol]                       0x080017d8   Section        0  stm32l4xx_hal_uart.o(.text.OUTLINED_FUNCTION_17)
    OUTLINED_FUNCTION_18                     0x080017e7   Thumb Code     6  stm32l4xx_hal_uart.o(.text.OUTLINED_FUNCTION_18)
    [Anonymous Symbol]                       0x080017e6   Section        0  stm32l4xx_hal_uart.o(.text.OUTLINED_FUNCTION_18)
    OUTLINED_FUNCTION_2                      0x080017ed   Thumb Code     8  stm32l4xx_hal_rcc.o(.text.OUTLINED_FUNCTION_2)
    [Anonymous Symbol]                       0x080017ec   Section        0  stm32l4xx_hal_rcc.o(.text.OUTLINED_FUNCTION_2)
    OUTLINED_FUNCTION_2                      0x080017f5   Thumb Code    12  stm32l4xx_hal_uart.o(.text.OUTLINED_FUNCTION_2)
    [Anonymous Symbol]                       0x080017f4   Section        0  stm32l4xx_hal_uart.o(.text.OUTLINED_FUNCTION_2)
    OUTLINED_FUNCTION_22                     0x08001801   Thumb Code    26  stm32l4xx_hal_tim.o(.text.OUTLINED_FUNCTION_22)
    [Anonymous Symbol]                       0x08001800   Section        0  stm32l4xx_hal_tim.o(.text.OUTLINED_FUNCTION_22)
    OUTLINED_FUNCTION_25                     0x0800181b   Thumb Code    10  stm32l4xx_hal_tim.o(.text.OUTLINED_FUNCTION_25)
    [Anonymous Symbol]                       0x0800181a   Section        0  stm32l4xx_hal_tim.o(.text.OUTLINED_FUNCTION_25)
    OUTLINED_FUNCTION_3                      0x08001825   Thumb Code     6  stm32l4xx_hal_rcc.o(.text.OUTLINED_FUNCTION_3)
    [Anonymous Symbol]                       0x08001824   Section        0  stm32l4xx_hal_rcc.o(.text.OUTLINED_FUNCTION_3)
    OUTLINED_FUNCTION_3                      0x0800182b   Thumb Code    20  stm32l4xx_hal_uart.o(.text.OUTLINED_FUNCTION_3)
    [Anonymous Symbol]                       0x0800182a   Section        0  stm32l4xx_hal_uart.o(.text.OUTLINED_FUNCTION_3)
    OUTLINED_FUNCTION_4                      0x0800183f   Thumb Code    10  stm32l4xx_hal_rcc.o(.text.OUTLINED_FUNCTION_4)
    [Anonymous Symbol]                       0x0800183e   Section        0  stm32l4xx_hal_rcc.o(.text.OUTLINED_FUNCTION_4)
    OUTLINED_FUNCTION_4                      0x08001849   Thumb Code    12  stm32l4xx_hal_uart.o(.text.OUTLINED_FUNCTION_4)
    [Anonymous Symbol]                       0x08001848   Section        0  stm32l4xx_hal_uart.o(.text.OUTLINED_FUNCTION_4)
    OUTLINED_FUNCTION_48                     0x08001855   Thumb Code    12  stm32l4xx_hal_tim.o(.text.OUTLINED_FUNCTION_48)
    [Anonymous Symbol]                       0x08001854   Section        0  stm32l4xx_hal_tim.o(.text.OUTLINED_FUNCTION_48)
    OUTLINED_FUNCTION_5                      0x08001861   Thumb Code    14  stm32l4xx_hal_rcc.o(.text.OUTLINED_FUNCTION_5)
    [Anonymous Symbol]                       0x08001860   Section        0  stm32l4xx_hal_rcc.o(.text.OUTLINED_FUNCTION_5)
    OUTLINED_FUNCTION_53                     0x0800186f   Thumb Code    10  stm32l4xx_hal_tim.o(.text.OUTLINED_FUNCTION_53)
    [Anonymous Symbol]                       0x0800186e   Section        0  stm32l4xx_hal_tim.o(.text.OUTLINED_FUNCTION_53)
    OUTLINED_FUNCTION_6                      0x08001879   Thumb Code    14  stm32l4xx_hal_uart.o(.text.OUTLINED_FUNCTION_6)
    [Anonymous Symbol]                       0x08001878   Section        0  stm32l4xx_hal_uart.o(.text.OUTLINED_FUNCTION_6)
    OUTLINED_FUNCTION_67                     0x08001887   Thumb Code    10  stm32l4xx_hal_tim.o(.text.OUTLINED_FUNCTION_67)
    [Anonymous Symbol]                       0x08001886   Section        0  stm32l4xx_hal_tim.o(.text.OUTLINED_FUNCTION_67)
    OUTLINED_FUNCTION_79                     0x08001891   Thumb Code    14  stm32l4xx_hal_tim.o(.text.OUTLINED_FUNCTION_79)
    [Anonymous Symbol]                       0x08001890   Section        0  stm32l4xx_hal_tim.o(.text.OUTLINED_FUNCTION_79)
    OUTLINED_FUNCTION_8                      0x0800189f   Thumb Code    14  stm32l4xx_hal_tim.o(.text.OUTLINED_FUNCTION_8)
    [Anonymous Symbol]                       0x0800189e   Section        0  stm32l4xx_hal_tim.o(.text.OUTLINED_FUNCTION_8)
    [Anonymous Symbol]                       0x080018ac   Section        0  stm32l4xx_it.o(.text.PendSV_Handler)
    RCCEx_PLLSAI1_Config                     0x080018b1   Thumb Code   288  stm32l4xx_hal_rcc_ex.o(.text.RCCEx_PLLSAI1_Config)
    [Anonymous Symbol]                       0x080018b0   Section        0  stm32l4xx_hal_rcc_ex.o(.text.RCCEx_PLLSAI1_Config)
    __arm_cp.1_1                             0x080019c4   Number         4  stm32l4xx_hal_rcc_ex.o(.text.RCCEx_PLLSAI1_Config)
    __arm_cp.1_2                             0x080019c8   Number         4  stm32l4xx_hal_rcc_ex.o(.text.RCCEx_PLLSAI1_Config)
    __arm_cp.1_3                             0x080019cc   Number         4  stm32l4xx_hal_rcc_ex.o(.text.RCCEx_PLLSAI1_Config)
    RCC_SetFlashLatencyFromMSIRange          0x080019d1   Thumb Code   132  stm32l4xx_hal_rcc.o(.text.RCC_SetFlashLatencyFromMSIRange)
    [Anonymous Symbol]                       0x080019d0   Section        0  stm32l4xx_hal_rcc.o(.text.RCC_SetFlashLatencyFromMSIRange)
    __arm_cp.2_0                             0x08001a4c   Number         4  stm32l4xx_hal_rcc.o(.text.RCC_SetFlashLatencyFromMSIRange)
    __arm_cp.2_1                             0x08001a50   Number         4  stm32l4xx_hal_rcc.o(.text.RCC_SetFlashLatencyFromMSIRange)
    [Anonymous Symbol]                       0x08001a54   Section        0  stm32l4xx_it.o(.text.SVC_Handler)
    [Anonymous Symbol]                       0x08001a56   Section        0  stm32l4xx_it.o(.text.SysTick_Handler)
    [Anonymous Symbol]                       0x08001a5a   Section        0  main.o(.text.SystemClock_Config)
    [Anonymous Symbol]                       0x08001af8   Section        0  system_stm32l4xx.o(.text.SystemInit)
    __arm_cp.0_0                             0x08001b38   Number         4  system_stm32l4xx.o(.text.SystemInit)
    __arm_cp.0_1                             0x08001b3c   Number         4  system_stm32l4xx.o(.text.SystemInit)
    __arm_cp.0_2                             0x08001b40   Number         4  system_stm32l4xx.o(.text.SystemInit)
    [Anonymous Symbol]                       0x08001b44   Section        0  stm32l4xx_hal_tim.o(.text.TIM_Base_SetConfig)
    __arm_cp.2_0                             0x08001ba4   Number         4  stm32l4xx_hal_tim.o(.text.TIM_Base_SetConfig)
    __arm_cp.2_1                             0x08001ba8   Number         4  stm32l4xx_hal_tim.o(.text.TIM_Base_SetConfig)
    __arm_cp.2_2                             0x08001bac   Number         4  stm32l4xx_hal_tim.o(.text.TIM_Base_SetConfig)
    TIM_TI1_ConfigInputStage                 0x08001bb1   Thumb Code    34  stm32l4xx_hal_tim.o(.text.TIM_TI1_ConfigInputStage)
    [Anonymous Symbol]                       0x08001bb0   Section        0  stm32l4xx_hal_tim.o(.text.TIM_TI1_ConfigInputStage)
    TIM_TI2_ConfigInputStage                 0x08001bd3   Thumb Code    34  stm32l4xx_hal_tim.o(.text.TIM_TI2_ConfigInputStage)
    [Anonymous Symbol]                       0x08001bd2   Section        0  stm32l4xx_hal_tim.o(.text.TIM_TI2_ConfigInputStage)
    [Anonymous Symbol]                       0x08001bf4   Section        0  stm32l4xx_hal_uart.o(.text.UART_AdvFeatureConfig)
    [Anonymous Symbol]                       0x08001c9c   Section        0  stm32l4xx_hal_uart.o(.text.UART_CheckIdleState)
    UART_DMAAbortOnError                     0x08001cf9   Thumb Code    16  stm32l4xx_hal_uart.o(.text.UART_DMAAbortOnError)
    [Anonymous Symbol]                       0x08001cf8   Section        0  stm32l4xx_hal_uart.o(.text.UART_DMAAbortOnError)
    UART_EndRxTransfer                       0x08001d09   Thumb Code    28  stm32l4xx_hal_uart.o(.text.UART_EndRxTransfer)
    [Anonymous Symbol]                       0x08001d08   Section        0  stm32l4xx_hal_uart.o(.text.UART_EndRxTransfer)
    UART_RxISR_16BIT                         0x08001d25   Thumb Code    50  stm32l4xx_hal_uart.o(.text.UART_RxISR_16BIT)
    [Anonymous Symbol]                       0x08001d24   Section        0  stm32l4xx_hal_uart.o(.text.UART_RxISR_16BIT)
    UART_RxISR_8BIT                          0x08001d57   Thumb Code    54  stm32l4xx_hal_uart.o(.text.UART_RxISR_8BIT)
    [Anonymous Symbol]                       0x08001d56   Section        0  stm32l4xx_hal_uart.o(.text.UART_RxISR_8BIT)
    [Anonymous Symbol]                       0x08001d8c   Section        0  stm32l4xx_hal_uart.o(.text.UART_SetConfig)
    __arm_cp.2_0                             0x08001f10   Number         4  stm32l4xx_hal_uart.o(.text.UART_SetConfig)
    __arm_cp.2_1                             0x08001f14   Number         4  stm32l4xx_hal_uart.o(.text.UART_SetConfig)
    __arm_cp.2_2                             0x08001f18   Number         4  stm32l4xx_hal_uart.o(.text.UART_SetConfig)
    __arm_cp.2_3                             0x08001f1c   Number         4  stm32l4xx_hal_uart.o(.text.UART_SetConfig)
    __arm_cp.2_4                             0x08001f20   Number         4  stm32l4xx_hal_uart.o(.text.UART_SetConfig)
    __arm_cp.2_5                             0x08001f24   Number         4  stm32l4xx_hal_uart.o(.text.UART_SetConfig)
    __arm_cp.2_6                             0x08001f28   Number         4  stm32l4xx_hal_uart.o(.text.UART_SetConfig)
    __arm_cp.2_8                             0x08001f3c   Number         4  stm32l4xx_hal_uart.o(.text.UART_SetConfig)
    __arm_cp.2_9                             0x08001f40   Number         4  stm32l4xx_hal_uart.o(.text.UART_SetConfig)
    UART_TxISR_16BIT                         0x08001f45   Thumb Code    44  stm32l4xx_hal_uart.o(.text.UART_TxISR_16BIT)
    [Anonymous Symbol]                       0x08001f44   Section        0  stm32l4xx_hal_uart.o(.text.UART_TxISR_16BIT)
    UART_TxISR_8BIT                          0x08001f71   Thumb Code    40  stm32l4xx_hal_uart.o(.text.UART_TxISR_8BIT)
    [Anonymous Symbol]                       0x08001f70   Section        0  stm32l4xx_hal_uart.o(.text.UART_TxISR_8BIT)
    [Anonymous Symbol]                       0x08001f98   Section        0  stm32l4xx_hal_uart.o(.text.UART_WaitOnFlagUntilTimeout)
    [Anonymous Symbol]                       0x08002014   Section        0  stm32l4xx_it.o(.text.USART1_IRQHandler)
    [Anonymous Symbol]                       0x0800201c   Section        0  stm32l4xx_it.o(.text.UsageFault_Handler)
    __NVIC_SetPriority                       0x08002021   Thumb Code    36  stm32l4xx_hal_cortex.o(.text.__NVIC_SetPriority)
    [Anonymous Symbol]                       0x08002020   Section        0  stm32l4xx_hal_cortex.o(.text.__NVIC_SetPriority)
    __arm_cp.2_0                             0x0800203c   Number         4  stm32l4xx_hal_cortex.o(.text.__NVIC_SetPriority)
    __arm_cp.2_1                             0x08002040   Number         4  stm32l4xx_hal_cortex.o(.text.__NVIC_SetPriority)
    [Anonymous Symbol]                       0x08002044   Section        0  usart.o(.text.fputc)
    [Anonymous Symbol]                       0x08002064   Section        0  main.o(.text.main)
    __arm_cp.0_0                             0x080020e8   Number         4  main.o(.text.main)
    __arm_cp.0_1                             0x080020ec   Number         4  main.o(.text.main)
    i.__0printf$1                            0x0800212c   Section        0  printf1.o(i.__0printf$1)
    i.__scatterload_copy                     0x0800214c   Section       14  handlers.o(i.__scatterload_copy)
    i.__scatterload_null                     0x0800215a   Section        2  handlers.o(i.__scatterload_null)
    i.__scatterload_zeroinit                 0x0800215c   Section       14  handlers.o(i.__scatterload_zeroinit)
    _printf_core                             0x0800216d   Thumb Code   336  printf1.o(i._printf_core)
    i._printf_core                           0x0800216c   Section        0  printf1.o(i._printf_core)
    i.puts                                   0x080022c8   Section        0  puts.o(i.puts)
    .Lswitch.table.UART_SetConfig.3          0x08002334   Data          16  stm32l4xx_hal_uart.o(.rodata.cst16)
    [Anonymous Symbol]                       0x20000000   Section        0  stm32l4xx_hal.o(.data..L_MergedGlobals)
    STACK                                    0x200002f0   Section     1024  startup_stm32l431xx.o(STACK)

    Global Symbols

    Symbol Name                              Value     Ov Type        Size  Object(Section)

    BuildAttributes$$THM_ISAv4$E$P$D$K$B$S$7EM$VFPi3$EXTD16$VFPS$VFMA$PE$A:L22UL41UL21$X:L11$S22US41US21$IEEE1$IW$~IW$USESV6$~STKCKD$USESV7$~SHL$OSPACE$ROPI$EBA8$MICROLIB$REQ8$PRES8$EABIv2 0x00000000   Number         0  anon$$obj.o ABSOLUTE
    _printf_a                                0x00000000   Number         0  printfstubs.o ABSOLUTE
    _printf_c                                0x00000000   Number         0  printfstubs.o ABSOLUTE
    _printf_charcount                        0x00000000   Number         0  printfstubs.o ABSOLUTE
    _printf_d                                0x00000000   Number         0  printfstubs.o ABSOLUTE
    _printf_e                                0x00000000   Number         0  printfstubs.o ABSOLUTE
    _printf_f                                0x00000000   Number         0  printfstubs.o ABSOLUTE
    _printf_flags                            0x00000000   Number         0  printfstubs.o ABSOLUTE
    _printf_fp_dec                           0x00000000   Number         0  printfstubs.o ABSOLUTE
    _printf_fp_hex                           0x00000000   Number         0  printfstubs.o ABSOLUTE
    _printf_g                                0x00000000   Number         0  printfstubs.o ABSOLUTE
    _printf_i                                0x00000000   Number         0  printfstubs.o ABSOLUTE
    _printf_int_dec                          0x00000000   Number         0  printfstubs.o ABSOLUTE
    _printf_l                                0x00000000   Number         0  printfstubs.o ABSOLUTE
    _printf_lc                               0x00000000   Number         0  printfstubs.o ABSOLUTE
    _printf_ll                               0x00000000   Number         0  printfstubs.o ABSOLUTE
    _printf_lld                              0x00000000   Number         0  printfstubs.o ABSOLUTE
    _printf_lli                              0x00000000   Number         0  printfstubs.o ABSOLUTE
    _printf_llo                              0x00000000   Number         0  printfstubs.o ABSOLUTE
    _printf_llu                              0x00000000   Number         0  printfstubs.o ABSOLUTE
    _printf_llx                              0x00000000   Number         0  printfstubs.o ABSOLUTE
    _printf_longlong_dec                     0x00000000   Number         0  printfstubs.o ABSOLUTE
    _printf_longlong_hex                     0x00000000   Number         0  printfstubs.o ABSOLUTE
    _printf_longlong_oct                     0x00000000   Number         0  printfstubs.o ABSOLUTE
    _printf_ls                               0x00000000   Number         0  printfstubs.o ABSOLUTE
    _printf_mbtowc                           0x00000000   Number         0  printfstubs.o ABSOLUTE
    _printf_n                                0x00000000   Number         0  printfstubs.o ABSOLUTE
    _printf_o                                0x00000000   Number         0  printfstubs.o ABSOLUTE
    _printf_p                                0x00000000   Number         0  printfstubs.o ABSOLUTE
    _printf_percent                          0x00000000   Number         0  printfstubs.o ABSOLUTE
    _printf_pre_padding                      0x00000000   Number         0  printfstubs.o ABSOLUTE
    _printf_return_value                     0x00000000   Number         0  printfstubs.o ABSOLUTE
    _printf_s                                0x00000000   Number         0  printfstubs.o ABSOLUTE
    _printf_sizespec                         0x00000000   Number         0  printfstubs.o ABSOLUTE
    _printf_str                              0x00000000   Number         0  printfstubs.o ABSOLUTE
    _printf_truncate_signed                  0x00000000   Number         0  printfstubs.o ABSOLUTE
    _printf_truncate_unsigned                0x00000000   Number         0  printfstubs.o ABSOLUTE
    _printf_u                                0x00000000   Number         0  printfstubs.o ABSOLUTE
    _printf_wc                               0x00000000   Number         0  printfstubs.o ABSOLUTE
    _printf_wctomb                           0x00000000   Number         0  printfstubs.o ABSOLUTE
    _printf_widthprec                        0x00000000   Number         0  printfstubs.o ABSOLUTE
    _printf_x                                0x00000000   Number         0  printfstubs.o ABSOLUTE
    __cpp_initialize__aeabi_                  - Undefined Weak Reference
    __cxa_finalize                            - Undefined Weak Reference
    __decompress                              - Undefined Weak Reference
    _clock_init                               - Undefined Weak Reference
    _microlib_exit                            - Undefined Weak Reference
    __Vectors_Size                           0x0000018c   Number         0  startup_stm32l431xx.o ABSOLUTE
    __Vectors                                0x08000000   Data           4  startup_stm32l431xx.o(RESET)
    __Vectors_End                            0x0800018c   Data           0  startup_stm32l431xx.o(RESET)
    __main                                   0x0800018d   Thumb Code     0  entry.o(.ARM.Collect$$$$00000000)
    _main_stk                                0x0800018d   Thumb Code     0  entry2.o(.ARM.Collect$$$$00000001)
    _main_scatterload                        0x08000191   Thumb Code     0  entry5.o(.ARM.Collect$$$$00000004)
    __main_after_scatterload                 0x08000195   Thumb Code     0  entry5.o(.ARM.Collect$$$$00000004)
    _main_clock                              0x08000195   Thumb Code     0  entry7b.o(.ARM.Collect$$$$00000008)
    _main_cpp_init                           0x08000195   Thumb Code     0  entry8b.o(.ARM.Collect$$$$0000000A)
    _main_init                               0x08000195   Thumb Code     0  entry9a.o(.ARM.Collect$$$$0000000B)
    __rt_final_cpp                           0x0800019d   Thumb Code     0  entry10a.o(.ARM.Collect$$$$0000000D)
    __rt_final_exit                          0x0800019d   Thumb Code     0  entry11a.o(.ARM.Collect$$$$0000000F)
    Reset_Handler                            0x080001a1   Thumb Code     8  startup_stm32l431xx.o(.text)
    ADC1_IRQHandler                          0x080001bb   Thumb Code     0  startup_stm32l431xx.o(.text)
    CAN1_RX0_IRQHandler                      0x080001bb   Thumb Code     0  startup_stm32l431xx.o(.text)
    CAN1_RX1_IRQHandler                      0x080001bb   Thumb Code     0  startup_stm32l431xx.o(.text)
    CAN1_SCE_IRQHandler                      0x080001bb   Thumb Code     0  startup_stm32l431xx.o(.text)
    CAN1_TX_IRQHandler                       0x080001bb   Thumb Code     0  startup_stm32l431xx.o(.text)
    COMP_IRQHandler                          0x080001bb   Thumb Code     0  startup_stm32l431xx.o(.text)
    CRS_IRQHandler                           0x080001bb   Thumb Code     0  startup_stm32l431xx.o(.text)
    DMA1_Channel1_IRQHandler                 0x080001bb   Thumb Code     0  startup_stm32l431xx.o(.text)
    DMA1_Channel2_IRQHandler                 0x080001bb   Thumb Code     0  startup_stm32l431xx.o(.text)
    DMA1_Channel3_IRQHandler                 0x080001bb   Thumb Code     0  startup_stm32l431xx.o(.text)
    DMA1_Channel4_IRQHandler                 0x080001bb   Thumb Code     0  startup_stm32l431xx.o(.text)
    DMA1_Channel5_IRQHandler                 0x080001bb   Thumb Code     0  startup_stm32l431xx.o(.text)
    DMA1_Channel6_IRQHandler                 0x080001bb   Thumb Code     0  startup_stm32l431xx.o(.text)
    DMA1_Channel7_IRQHandler                 0x080001bb   Thumb Code     0  startup_stm32l431xx.o(.text)
    DMA2_Channel1_IRQHandler                 0x080001bb   Thumb Code     0  startup_stm32l431xx.o(.text)
    DMA2_Channel2_IRQHandler                 0x080001bb   Thumb Code     0  startup_stm32l431xx.o(.text)
    DMA2_Channel3_IRQHandler                 0x080001bb   Thumb Code     0  startup_stm32l431xx.o(.text)
    DMA2_Channel4_IRQHandler                 0x080001bb   Thumb Code     0  startup_stm32l431xx.o(.text)
    DMA2_Channel5_IRQHandler                 0x080001bb   Thumb Code     0  startup_stm32l431xx.o(.text)
    DMA2_Channel6_IRQHandler                 0x080001bb   Thumb Code     0  startup_stm32l431xx.o(.text)
    DMA2_Channel7_IRQHandler                 0x080001bb   Thumb Code     0  startup_stm32l431xx.o(.text)
    EXTI0_IRQHandler                         0x080001bb   Thumb Code     0  startup_stm32l431xx.o(.text)
    EXTI15_10_IRQHandler                     0x080001bb   Thumb Code     0  startup_stm32l431xx.o(.text)
    EXTI1_IRQHandler                         0x080001bb   Thumb Code     0  startup_stm32l431xx.o(.text)
    EXTI2_IRQHandler                         0x080001bb   Thumb Code     0  startup_stm32l431xx.o(.text)
    EXTI3_IRQHandler                         0x080001bb   Thumb Code     0  startup_stm32l431xx.o(.text)
    EXTI4_IRQHandler                         0x080001bb   Thumb Code     0  startup_stm32l431xx.o(.text)
    EXTI9_5_IRQHandler                       0x080001bb   Thumb Code     0  startup_stm32l431xx.o(.text)
    FLASH_IRQHandler                         0x080001bb   Thumb Code     0  startup_stm32l431xx.o(.text)
    FPU_IRQHandler                           0x080001bb   Thumb Code     0  startup_stm32l431xx.o(.text)
    I2C1_ER_IRQHandler                       0x080001bb   Thumb Code     0  startup_stm32l431xx.o(.text)
    I2C1_EV_IRQHandler                       0x080001bb   Thumb Code     0  startup_stm32l431xx.o(.text)
    I2C2_ER_IRQHandler                       0x080001bb   Thumb Code     0  startup_stm32l431xx.o(.text)
    I2C2_EV_IRQHandler                       0x080001bb   Thumb Code     0  startup_stm32l431xx.o(.text)
    I2C3_ER_IRQHandler                       0x080001bb   Thumb Code     0  startup_stm32l431xx.o(.text)
    I2C3_EV_IRQHandler                       0x080001bb   Thumb Code     0  startup_stm32l431xx.o(.text)
    LPTIM1_IRQHandler                        0x080001bb   Thumb Code     0  startup_stm32l431xx.o(.text)
    LPTIM2_IRQHandler                        0x080001bb   Thumb Code     0  startup_stm32l431xx.o(.text)
    LPUART1_IRQHandler                       0x080001bb   Thumb Code     0  startup_stm32l431xx.o(.text)
    PVD_PVM_IRQHandler                       0x080001bb   Thumb Code     0  startup_stm32l431xx.o(.text)
    QUADSPI_IRQHandler                       0x080001bb   Thumb Code     0  startup_stm32l431xx.o(.text)
    RCC_IRQHandler                           0x080001bb   Thumb Code     0  startup_stm32l431xx.o(.text)
    RNG_IRQHandler                           0x080001bb   Thumb Code     0  startup_stm32l431xx.o(.text)
    RTC_Alarm_IRQHandler                     0x080001bb   Thumb Code     0  startup_stm32l431xx.o(.text)
    RTC_WKUP_IRQHandler                      0x080001bb   Thumb Code     0  startup_stm32l431xx.o(.text)
    SAI1_IRQHandler                          0x080001bb   Thumb Code     0  startup_stm32l431xx.o(.text)
    SDMMC1_IRQHandler                        0x080001bb   Thumb Code     0  startup_stm32l431xx.o(.text)
    SPI1_IRQHandler                          0x080001bb   Thumb Code     0  startup_stm32l431xx.o(.text)
    SPI2_IRQHandler                          0x080001bb   Thumb Code     0  startup_stm32l431xx.o(.text)
    SPI3_IRQHandler                          0x080001bb   Thumb Code     0  startup_stm32l431xx.o(.text)
    SWPMI1_IRQHandler                        0x080001bb   Thumb Code     0  startup_stm32l431xx.o(.text)
    TAMP_STAMP_IRQHandler                    0x080001bb   Thumb Code     0  startup_stm32l431xx.o(.text)
    TIM1_BRK_TIM15_IRQHandler                0x080001bb   Thumb Code     0  startup_stm32l431xx.o(.text)
    TIM1_CC_IRQHandler                       0x080001bb   Thumb Code     0  startup_stm32l431xx.o(.text)
    TIM1_TRG_COM_IRQHandler                  0x080001bb   Thumb Code     0  startup_stm32l431xx.o(.text)
    TIM1_UP_TIM16_IRQHandler                 0x080001bb   Thumb Code     0  startup_stm32l431xx.o(.text)
    TIM2_IRQHandler                          0x080001bb   Thumb Code     0  startup_stm32l431xx.o(.text)
    TIM6_DAC_IRQHandler                      0x080001bb   Thumb Code     0  startup_stm32l431xx.o(.text)
    TIM7_IRQHandler                          0x080001bb   Thumb Code     0  startup_stm32l431xx.o(.text)
    TSC_IRQHandler                           0x080001bb   Thumb Code     0  startup_stm32l431xx.o(.text)
    USART2_IRQHandler                        0x080001bb   Thumb Code     0  startup_stm32l431xx.o(.text)
    USART3_IRQHandler                        0x080001bb   Thumb Code     0  startup_stm32l431xx.o(.text)
    WWDG_IRQHandler                          0x080001bb   Thumb Code     0  startup_stm32l431xx.o(.text)
    __aeabi_uldivmod                         0x080001c5   Thumb Code    98  uldiv.o(.text)
    __aeabi_memset                           0x0800022d   Thumb Code    14  memseta.o(.text)
    __aeabi_memset4                          0x0800022d   Thumb Code     0  memseta.o(.text)
    __aeabi_memset8                          0x0800022d   Thumb Code     0  memseta.o(.text)
    __aeabi_memclr                           0x0800023b   Thumb Code     4  memseta.o(.text)
    __aeabi_memclr4                          0x0800023b   Thumb Code     0  memseta.o(.text)
    __aeabi_memclr8                          0x0800023b   Thumb Code     0  memseta.o(.text)
    _memset$wrapper                          0x0800023f   Thumb Code    18  memseta.o(.text)
    __aeabi_uidiv                            0x08000251   Thumb Code     0  uidiv.o(.text)
    __aeabi_uidivmod                         0x08000251   Thumb Code    44  uidiv.o(.text)
    __aeabi_llsl                             0x0800027d   Thumb Code    30  llshl.o(.text)
    _ll_shift_l                              0x0800027d   Thumb Code     0  llshl.o(.text)
    __aeabi_llsr                             0x0800029b   Thumb Code    32  llushr.o(.text)
    _ll_ushift_r                             0x0800029b   Thumb Code     0  llushr.o(.text)
    __scatterload                            0x080002bd   Thumb Code    28  init.o(.text)
    __scatterload_rt2                        0x080002bd   Thumb Code     0  init.o(.text)
    BusFault_Handler                         0x080002e1   Thumb Code     2  stm32l4xx_it.o(.text.BusFault_Handler)
    DebugMon_Handler                         0x080002e3   Thumb Code     2  stm32l4xx_it.o(.text.DebugMon_Handler)
    Error_Handler                            0x080002e5   Thumb Code     8  main.o(.text.Error_Handler)
    HAL_DMA_Abort_IT                         0x080002ed   Thumb Code    74  stm32l4xx_hal_dma.o(.text.HAL_DMA_Abort_IT)
    HAL_Delay                                0x08000339   Thumb Code    32  stm32l4xx_hal.o(.text.HAL_Delay)
    HAL_GPIO_Init                            0x08000359   Thumb Code   384  stm32l4xx_hal_gpio.o(.text.HAL_GPIO_Init)
    HAL_GPIO_WritePin                        0x080004df   Thumb Code    12  stm32l4xx_hal_gpio.o(.text.HAL_GPIO_WritePin)
    HAL_GetTick                              0x080004ed   Thumb Code     8  stm32l4xx_hal.o(.text.HAL_GetTick)
    HAL_IncTick                              0x080004f5   Thumb Code    20  stm32l4xx_hal.o(.text.HAL_IncTick)
    HAL_Init                                 0x08000509   Thumb Code    28  stm32l4xx_hal.o(.text.HAL_Init)
    HAL_InitTick                             0x08000525   Thumb Code    68  stm32l4xx_hal.o(.text.HAL_InitTick)
    HAL_MspInit                              0x08000569   Thumb Code    48  stm32l4xx_hal_msp.o(.text.HAL_MspInit)
    HAL_NVIC_EnableIRQ                       0x08000599   Thumb Code    28  stm32l4xx_hal_cortex.o(.text.HAL_NVIC_EnableIRQ)
    HAL_NVIC_SetPriority                     0x080005b5   Thumb Code    56  stm32l4xx_hal_cortex.o(.text.HAL_NVIC_SetPriority)
    HAL_NVIC_SetPriorityGrouping             0x080005ed   Thumb Code    32  stm32l4xx_hal_cortex.o(.text.HAL_NVIC_SetPriorityGrouping)
    HAL_PWREx_ControlVoltageScaling          0x0800060d   Thumb Code   100  stm32l4xx_hal_pwr_ex.o(.text.HAL_PWREx_ControlVoltageScaling)
    HAL_PWREx_GetVoltageRange                0x08000671   Thumb Code    12  stm32l4xx_hal_pwr_ex.o(.text.HAL_PWREx_GetVoltageRange)
    HAL_RCCEx_PeriphCLKConfig                0x0800067d   Thumb Code   588  stm32l4xx_hal_rcc_ex.o(.text.HAL_RCCEx_PeriphCLKConfig)
    HAL_RCC_ClockConfig                      0x080008c9   Thumb Code   296  stm32l4xx_hal_rcc.o(.text.HAL_RCC_ClockConfig)
    HAL_RCC_GetPCLK1Freq                     0x080009f1   Thumb Code    24  stm32l4xx_hal_rcc.o(.text.HAL_RCC_GetPCLK1Freq)
    HAL_RCC_GetPCLK2Freq                     0x08000a09   Thumb Code    32  stm32l4xx_hal_rcc.o(.text.HAL_RCC_GetPCLK2Freq)
    HAL_RCC_GetSysClockFreq                  0x08000a29   Thumb Code   164  stm32l4xx_hal_rcc.o(.text.HAL_RCC_GetSysClockFreq)
    HAL_RCC_OscConfig                        0x08000acd   Thumb Code  1332  stm32l4xx_hal_rcc.o(.text.HAL_RCC_OscConfig)
    HAL_SYSTICK_Config                       0x08001001   Thumb Code    40  stm32l4xx_hal_cortex.o(.text.HAL_SYSTICK_Config)
    HAL_TIMEx_MasterConfigSynchronization    0x08001029   Thumb Code   104  stm32l4xx_hal_tim_ex.o(.text.HAL_TIMEx_MasterConfigSynchronization)
    HAL_TIM_Base_Init                        0x08001091   Thumb Code    30  stm32l4xx_hal_tim.o(.text.HAL_TIM_Base_Init)
    HAL_TIM_Base_MspInit                     0x080010b1   Thumb Code    40  tim.o(.text.HAL_TIM_Base_MspInit)
    HAL_TIM_ConfigClockSource                0x080010d9   Thumb Code   180  stm32l4xx_hal_tim.o(.text.HAL_TIM_ConfigClockSource)
    HAL_UARTEx_WakeupCallback                0x0800118d   Thumb Code     2  stm32l4xx_hal_uart_ex.o(.text.HAL_UARTEx_WakeupCallback)
    HAL_UART_ErrorCallback                   0x0800118f   Thumb Code     2  stm32l4xx_hal_uart.o(.text.HAL_UART_ErrorCallback)
    HAL_UART_IRQHandler                      0x08001191   Thumb Code   332  stm32l4xx_hal_uart.o(.text.HAL_UART_IRQHandler)
    HAL_UART_Init                            0x080012dd   Thumb Code    56  stm32l4xx_hal_uart.o(.text.HAL_UART_Init)
    HAL_UART_MspInit                         0x08001315   Thumb Code   112  usart.o(.text.HAL_UART_MspInit)
    HAL_UART_Receive_IT                      0x08001385   Thumb Code   160  stm32l4xx_hal_uart.o(.text.HAL_UART_Receive_IT)
    HAL_UART_RxCpltCallback                  0x08001425   Thumb Code    76  usart.o(.text.HAL_UART_RxCpltCallback)
    HAL_UART_Transmit                        0x08001471   Thumb Code   190  stm32l4xx_hal_uart.o(.text.HAL_UART_Transmit)
    HAL_UART_Transmit_IT                     0x08001531   Thumb Code   100  stm32l4xx_hal_uart.o(.text.HAL_UART_Transmit_IT)
    HAL_UART_TxCpltCallback                  0x08001595   Thumb Code    92  usart.o(.text.HAL_UART_TxCpltCallback)
    HardFault_Handler                        0x080015f1   Thumb Code     2  stm32l4xx_it.o(.text.HardFault_Handler)
    MX_GPIO_Init                             0x080015f5   Thumb Code   112  gpio.o(.text.MX_GPIO_Init)
    MX_TIM2_Init                             0x08001665   Thumb Code   104  tim.o(.text.MX_TIM2_Init)
    MX_USART1_UART_Init                      0x080016cd   Thumb Code    60  usart.o(.text.MX_USART1_UART_Init)
    MemManage_Handler                        0x08001709   Thumb Code     2  stm32l4xx_it.o(.text.MemManage_Handler)
    NMI_Handler                              0x0800170b   Thumb Code     2  stm32l4xx_it.o(.text.NMI_Handler)
    PendSV_Handler                           0x080018ad   Thumb Code     2  stm32l4xx_it.o(.text.PendSV_Handler)
    SVC_Handler                              0x08001a55   Thumb Code     2  stm32l4xx_it.o(.text.SVC_Handler)
    SysTick_Handler                          0x08001a57   Thumb Code     4  stm32l4xx_it.o(.text.SysTick_Handler)
    SystemClock_Config                       0x08001a5b   Thumb Code   156  main.o(.text.SystemClock_Config)
    SystemInit                               0x08001af9   Thumb Code    76  system_stm32l4xx.o(.text.SystemInit)
    TIM_Base_SetConfig                       0x08001b45   Thumb Code   108  stm32l4xx_hal_tim.o(.text.TIM_Base_SetConfig)
    UART_AdvFeatureConfig                    0x08001bf5   Thumb Code   168  stm32l4xx_hal_uart.o(.text.UART_AdvFeatureConfig)
    UART_CheckIdleState                      0x08001c9d   Thumb Code    92  stm32l4xx_hal_uart.o(.text.UART_CheckIdleState)
    UART_SetConfig                           0x08001d8d   Thumb Code   440  stm32l4xx_hal_uart.o(.text.UART_SetConfig)
    UART_WaitOnFlagUntilTimeout              0x08001f99   Thumb Code   124  stm32l4xx_hal_uart.o(.text.UART_WaitOnFlagUntilTimeout)
    USART1_IRQHandler                        0x08002015   Thumb Code     8  stm32l4xx_it.o(.text.USART1_IRQHandler)
    UsageFault_Handler                       0x0800201d   Thumb Code     2  stm32l4xx_it.o(.text.UsageFault_Handler)
    fputc                                    0x08002045   Thumb Code    32  usart.o(.text.fputc)
    main                                     0x08002065   Thumb Code   200  main.o(.text.main)
    __0printf$1                              0x0800212d   Thumb Code    22  printf1.o(i.__0printf$1)
    __1printf$1                              0x0800212d   Thumb Code     0  printf1.o(i.__0printf$1)
    __2printf                                0x0800212d   Thumb Code     0  printf1.o(i.__0printf$1)
    __scatterload_copy                       0x0800214d   Thumb Code    14  handlers.o(i.__scatterload_copy)
    __scatterload_null                       0x0800215b   Thumb Code     2  handlers.o(i.__scatterload_null)
    __scatterload_zeroinit                   0x0800215d   Thumb Code    14  handlers.o(i.__scatterload_zeroinit)
    puts                                     0x080022c9   Thumb Code    30  puts.o(i.puts)
    AHBPrescTable                            0x080022ec   Data          16  system_stm32l4xx.o(.rodata.AHBPrescTable)
    APBPrescTable                            0x080022fc   Data           8  system_stm32l4xx.o(.rodata.APBPrescTable)
    MSIRangeTable                            0x08002304   Data          48  system_stm32l4xx.o(.rodata.MSIRangeTable)
    Region$$Table$$Base                      0x08002344   Number         0  anon$$obj.o(Region$$Table)
    Region$$Table$$Limit                     0x08002364   Number         0  anon$$obj.o(Region$$Table)
    uwTickFreq                               0x20000000   Data           1  stm32l4xx_hal.o(.data..L_MergedGlobals)
    uwTickPrio                               0x20000004   Data           4  stm32l4xx_hal.o(.data..L_MergedGlobals)
    SystemCoreClock                          0x20000008   Data           4  system_stm32l4xx.o(.data.SystemCoreClock)
    __stdout                                 0x20000010   Data           4  usart.o(.bss.__stdout)
    htim2                                    0x20000014   Data          76  tim.o(.bss.htim2)
    huart1                                   0x20000060   Data         128  usart.o(.bss.huart1)
    usart1_buf                               0x200000e0   Data         520  main.o(.bss.usart1_buf)
    uwTick                                   0x200002e8   Data           4  stm32l4xx_hal.o(.bss.uwTick)
    __initial_sp                             0x200006f0   Data           0  startup_stm32l431xx.o(STACK)



==============================================================================

Memory Map of the image

  Image Entry point : 0x0800018d

  Load Region LR_IROM1 (Base: 0x08000000, Size: 0x00002378, Max: 0x00040000, ABSOLUTE)

    Execution Region ER_IROM1 (Exec base: 0x08000000, Load base: 0x08000000, Size: 0x00002364, Max: 0x00040000, ABSOLUTE)

    Exec Addr    Load Addr    Size         Type   Attr      Idx    E Section Name        Object

    0x08000000   0x08000000   0x0000018c   Data   RO            3    RESET               startup_stm32l431xx.o
    0x0800018c   0x0800018c   0x00000000   Code   RO         1825  * .ARM.Collect$$$$00000000  mc_w.l(entry.o)
    0x0800018c   0x0800018c   0x00000004   Code   RO         2097    .ARM.Collect$$$$00000001  mc_w.l(entry2.o)
    0x08000190   0x08000190   0x00000004   Code   RO         2100    .ARM.Collect$$$$00000004  mc_w.l(entry5.o)
    0x08000194   0x08000194   0x00000000   Code   RO         2102    .ARM.Collect$$$$00000008  mc_w.l(entry7b.o)
    0x08000194   0x08000194   0x00000000   Code   RO         2104    .ARM.Collect$$$$0000000A  mc_w.l(entry8b.o)
    0x08000194   0x08000194   0x00000008   Code   RO         2105    .ARM.Collect$$$$0000000B  mc_w.l(entry9a.o)
    0x0800019c   0x0800019c   0x00000000   Code   RO         2107    .ARM.Collect$$$$0000000D  mc_w.l(entry10a.o)
    0x0800019c   0x0800019c   0x00000000   Code   RO         2109    .ARM.Collect$$$$0000000F  mc_w.l(entry11a.o)
    0x0800019c   0x0800019c   0x00000004   Code   RO         2098    .ARM.Collect$$$$00002712  mc_w.l(entry2.o)
    0x080001a0   0x080001a0   0x00000024   Code   RO            4    .text               startup_stm32l431xx.o
    0x080001c4   0x080001c4   0x00000068   Code   RO         1832    .text               mc_w.l(uldiv.o)
    0x0800022c   0x0800022c   0x00000024   Code   RO         1834    .text               mc_w.l(memseta.o)
    0x08000250   0x08000250   0x0000002c   Code   RO         2120    .text               mc_w.l(uidiv.o)
    0x0800027c   0x0800027c   0x0000001e   Code   RO         2122    .text               mc_w.l(llshl.o)
    0x0800029a   0x0800029a   0x00000020   Code   RO         2124    .text               mc_w.l(llushr.o)
    0x080002ba   0x080002ba   0x00000002   PAD
    0x080002bc   0x080002bc   0x00000024   Code   RO         2137    .text               mc_w.l(init.o)
    0x080002e0   0x080002e0   0x00000002   Code   RO           90    .text.BusFault_Handler  stm32l4xx_it.o
    0x080002e2   0x080002e2   0x00000002   Code   RO           96    .text.DebugMon_Handler  stm32l4xx_it.o
    0x080002e4   0x080002e4   0x00000008   Code   RO           25    .text.Error_Handler  main.o
    0x080002ec   0x080002ec   0x0000004a   Code   RO         1406    .text.HAL_DMA_Abort_IT  stm32l4xx_hal_dma.o
    0x08000336   0x08000336   0x00000002   PAD
    0x08000338   0x08000338   0x00000020   Code   RO          750    .text.HAL_Delay     stm32l4xx_hal.o
    0x08000358   0x08000358   0x00000186   Code   RO         1370    .text.HAL_GPIO_Init  stm32l4xx_hal_gpio.o
    0x080004de   0x080004de   0x0000000c   Code   RO         1376    .text.HAL_GPIO_WritePin  stm32l4xx_hal_gpio.o
    0x080004ea   0x080004ea   0x00000002   PAD
    0x080004ec   0x080004ec   0x00000008   Code   RO          742    .text.HAL_GetTick   stm32l4xx_hal.o
    0x080004f4   0x080004f4   0x00000014   Code   RO          740    .text.HAL_IncTick   stm32l4xx_hal.o
    0x08000508   0x08000508   0x0000001c   Code   RO          730    .text.HAL_Init      stm32l4xx_hal.o
    0x08000524   0x08000524   0x00000044   Code   RO          732    .text.HAL_InitTick  stm32l4xx_hal.o
    0x08000568   0x08000568   0x00000030   Code   RO          111    .text.HAL_MspInit   stm32l4xx_hal_msp.o
    0x08000598   0x08000598   0x0000001c   Code   RO         1547    .text.HAL_NVIC_EnableIRQ  stm32l4xx_hal_cortex.o
    0x080005b4   0x080005b4   0x00000038   Code   RO         1543    .text.HAL_NVIC_SetPriority  stm32l4xx_hal_cortex.o
    0x080005ec   0x080005ec   0x00000020   Code   RO         1541    .text.HAL_NVIC_SetPriorityGrouping  stm32l4xx_hal_cortex.o
    0x0800060c   0x0800060c   0x00000064   Code   RO         1473    .text.HAL_PWREx_ControlVoltageScaling  stm32l4xx_hal_pwr_ex.o
    0x08000670   0x08000670   0x0000000c   Code   RO         1471    .text.HAL_PWREx_GetVoltageRange  stm32l4xx_hal_pwr_ex.o
    0x0800067c   0x0800067c   0x0000024c   Code   RO         1234    .text.HAL_RCCEx_PeriphCLKConfig  stm32l4xx_hal_rcc_ex.o
    0x080008c8   0x080008c8   0x00000128   Code   RO         1194    .text.HAL_RCC_ClockConfig  stm32l4xx_hal_rcc.o
    0x080009f0   0x080009f0   0x00000018   Code   RO         1200    .text.HAL_RCC_GetPCLK1Freq  stm32l4xx_hal_rcc.o
    0x08000a08   0x08000a08   0x00000020   Code   RO         1202    .text.HAL_RCC_GetPCLK2Freq  stm32l4xx_hal_rcc.o
    0x08000a28   0x08000a28   0x000000a4   Code   RO         1192    .text.HAL_RCC_GetSysClockFreq  stm32l4xx_hal_rcc.o
    0x08000acc   0x08000acc   0x00000534   Code   RO         1188    .text.HAL_RCC_OscConfig  stm32l4xx_hal_rcc.o
    0x08001000   0x08001000   0x00000028   Code   RO         1555    .text.HAL_SYSTICK_Config  stm32l4xx_hal_cortex.o
    0x08001028   0x08001028   0x00000068   Code   RO          630    .text.HAL_TIMEx_MasterConfigSynchronization  stm32l4xx_hal_tim_ex.o
    0x08001090   0x08001090   0x0000001e   Code   RO          156    .text.HAL_TIM_Base_Init  stm32l4xx_hal_tim.o
    0x080010ae   0x080010ae   0x00000002   PAD
    0x080010b0   0x080010b0   0x00000028   Code   RO           47    .text.HAL_TIM_Base_MspInit  tim.o
    0x080010d8   0x080010d8   0x000000b4   Code   RO          348    .text.HAL_TIM_ConfigClockSource  stm32l4xx_hal_tim.o
    0x0800118c   0x0800118c   0x00000002   Code   RO         1788    .text.HAL_UARTEx_WakeupCallback  stm32l4xx_hal_uart_ex.o
    0x0800118e   0x0800118e   0x00000002   Code   RO         1707    .text.HAL_UART_ErrorCallback  stm32l4xx_hal_uart.o
    0x08001190   0x08001190   0x0000014c   Code   RO         1703    .text.HAL_UART_IRQHandler  stm32l4xx_hal_uart.o
    0x080012dc   0x080012dc   0x00000038   Code   RO         1617    .text.HAL_UART_Init  stm32l4xx_hal_uart.o
    0x08001314   0x08001314   0x00000070   Code   RO           64    .text.HAL_UART_MspInit  usart.o
    0x08001384   0x08001384   0x000000a0   Code   RO         1649    .text.HAL_UART_Receive_IT  stm32l4xx_hal_uart.o
    0x08001424   0x08001424   0x0000004c   Code   RO           68    .text.HAL_UART_RxCpltCallback  usart.o
    0x08001470   0x08001470   0x000000be   Code   RO         1637    .text.HAL_UART_Transmit  stm32l4xx_hal_uart.o
    0x0800152e   0x0800152e   0x00000002   PAD
    0x08001530   0x08001530   0x00000064   Code   RO         1643    .text.HAL_UART_Transmit_IT  stm32l4xx_hal_uart.o
    0x08001594   0x08001594   0x0000005c   Code   RO           70    .text.HAL_UART_TxCpltCallback  usart.o
    0x080015f0   0x080015f0   0x00000002   Code   RO           86    .text.HardFault_Handler  stm32l4xx_it.o
    0x080015f2   0x080015f2   0x00000002   PAD
    0x080015f4   0x080015f4   0x00000070   Code   RO           36    .text.MX_GPIO_Init  gpio.o
    0x08001664   0x08001664   0x00000068   Code   RO           45    .text.MX_TIM2_Init  tim.o
    0x080016cc   0x080016cc   0x0000003c   Code   RO           62    .text.MX_USART1_UART_Init  usart.o
    0x08001708   0x08001708   0x00000002   Code   RO           88    .text.MemManage_Handler  stm32l4xx_it.o
    0x0800170a   0x0800170a   0x00000002   Code   RO           84    .text.NMI_Handler   stm32l4xx_it.o
    0x0800170c   0x0800170c   0x00000024   Code   RO         1214    .text.OUTLINED_FUNCTION_0  stm32l4xx_hal_rcc.o
    0x08001730   0x08001730   0x00000014   Code   RO         1739    .text.OUTLINED_FUNCTION_0  stm32l4xx_hal_uart.o
    0x08001744   0x08001744   0x00000036   Code   RO          394    .text.OUTLINED_FUNCTION_1  stm32l4xx_hal_tim.o
    0x0800177a   0x0800177a   0x00000014   Code   RO         1216    .text.OUTLINED_FUNCTION_1  stm32l4xx_hal_rcc.o
    0x0800178e   0x0800178e   0x00000010   Code   RO         1288    .text.OUTLINED_FUNCTION_1  stm32l4xx_hal_rcc_ex.o
    0x0800179e   0x0800179e   0x0000001c   Code   RO         1741    .text.OUTLINED_FUNCTION_1  stm32l4xx_hal_uart.o
    0x080017ba   0x080017ba   0x00000014   Code   RO         1759    .text.OUTLINED_FUNCTION_10  stm32l4xx_hal_uart.o
    0x080017ce   0x080017ce   0x0000000a   Code   RO         1765    .text.OUTLINED_FUNCTION_13  stm32l4xx_hal_uart.o
    0x080017d8   0x080017d8   0x0000000e   Code   RO         1773    .text.OUTLINED_FUNCTION_17  stm32l4xx_hal_uart.o
    0x080017e6   0x080017e6   0x00000006   Code   RO         1775    .text.OUTLINED_FUNCTION_18  stm32l4xx_hal_uart.o
    0x080017ec   0x080017ec   0x00000008   Code   RO         1218    .text.OUTLINED_FUNCTION_2  stm32l4xx_hal_rcc.o
    0x080017f4   0x080017f4   0x0000000c   Code   RO         1743    .text.OUTLINED_FUNCTION_2  stm32l4xx_hal_uart.o
    0x08001800   0x08001800   0x0000001a   Code   RO          436    .text.OUTLINED_FUNCTION_22  stm32l4xx_hal_tim.o
    0x0800181a   0x0800181a   0x0000000a   Code   RO          442    .text.OUTLINED_FUNCTION_25  stm32l4xx_hal_tim.o
    0x08001824   0x08001824   0x00000006   Code   RO         1220    .text.OUTLINED_FUNCTION_3  stm32l4xx_hal_rcc.o
    0x0800182a   0x0800182a   0x00000014   Code   RO         1745    .text.OUTLINED_FUNCTION_3  stm32l4xx_hal_uart.o
    0x0800183e   0x0800183e   0x0000000a   Code   RO         1222    .text.OUTLINED_FUNCTION_4  stm32l4xx_hal_rcc.o
    0x08001848   0x08001848   0x0000000c   Code   RO         1747    .text.OUTLINED_FUNCTION_4  stm32l4xx_hal_uart.o
    0x08001854   0x08001854   0x0000000c   Code   RO          488    .text.OUTLINED_FUNCTION_48  stm32l4xx_hal_tim.o
    0x08001860   0x08001860   0x0000000e   Code   RO         1224    .text.OUTLINED_FUNCTION_5  stm32l4xx_hal_rcc.o
    0x0800186e   0x0800186e   0x0000000a   Code   RO          498    .text.OUTLINED_FUNCTION_53  stm32l4xx_hal_tim.o
    0x08001878   0x08001878   0x0000000e   Code   RO         1751    .text.OUTLINED_FUNCTION_6  stm32l4xx_hal_uart.o
    0x08001886   0x08001886   0x0000000a   Code   RO          526    .text.OUTLINED_FUNCTION_67  stm32l4xx_hal_tim.o
    0x08001890   0x08001890   0x0000000e   Code   RO          550    .text.OUTLINED_FUNCTION_79  stm32l4xx_hal_tim.o
    0x0800189e   0x0800189e   0x0000000e   Code   RO          408    .text.OUTLINED_FUNCTION_8  stm32l4xx_hal_tim.o
    0x080018ac   0x080018ac   0x00000002   Code   RO           98    .text.PendSV_Handler  stm32l4xx_it.o
    0x080018ae   0x080018ae   0x00000002   PAD
    0x080018b0   0x080018b0   0x00000120   Code   RO         1236    .text.RCCEx_PLLSAI1_Config  stm32l4xx_hal_rcc_ex.o
    0x080019d0   0x080019d0   0x00000084   Code   RO         1190    .text.RCC_SetFlashLatencyFromMSIRange  stm32l4xx_hal_rcc.o
    0x08001a54   0x08001a54   0x00000002   Code   RO           94    .text.SVC_Handler   stm32l4xx_it.o
    0x08001a56   0x08001a56   0x00000004   Code   RO          100    .text.SysTick_Handler  stm32l4xx_it.o
    0x08001a5a   0x08001a5a   0x0000009c   Code   RO           23    .text.SystemClock_Config  main.o
    0x08001af6   0x08001af6   0x00000002   PAD
    0x08001af8   0x08001af8   0x0000004c   Code   RO         1810    .text.SystemInit    system_stm32l4xx.o
    0x08001b44   0x08001b44   0x0000006c   Code   RO          160    .text.TIM_Base_SetConfig  stm32l4xx_hal_tim.o
    0x08001bb0   0x08001bb0   0x00000022   Code   RO          350    .text.TIM_TI1_ConfigInputStage  stm32l4xx_hal_tim.o
    0x08001bd2   0x08001bd2   0x00000022   Code   RO          352    .text.TIM_TI2_ConfigInputStage  stm32l4xx_hal_tim.o
    0x08001bf4   0x08001bf4   0x000000a8   Code   RO         1623    .text.UART_AdvFeatureConfig  stm32l4xx_hal_uart.o
    0x08001c9c   0x08001c9c   0x0000005c   Code   RO         1625    .text.UART_CheckIdleState  stm32l4xx_hal_uart.o
    0x08001cf8   0x08001cf8   0x00000010   Code   RO         1705    .text.UART_DMAAbortOnError  stm32l4xx_hal_uart.o
    0x08001d08   0x08001d08   0x0000001c   Code   RO         1675    .text.UART_EndRxTransfer  stm32l4xx_hal_uart.o
    0x08001d24   0x08001d24   0x00000032   Code   RO         1651    .text.UART_RxISR_16BIT  stm32l4xx_hal_uart.o
    0x08001d56   0x08001d56   0x00000036   Code   RO         1653    .text.UART_RxISR_8BIT  stm32l4xx_hal_uart.o
    0x08001d8c   0x08001d8c   0x000001b8   Code   RO         1621    .text.UART_SetConfig  stm32l4xx_hal_uart.o
    0x08001f44   0x08001f44   0x0000002c   Code   RO         1645    .text.UART_TxISR_16BIT  stm32l4xx_hal_uart.o
    0x08001f70   0x08001f70   0x00000028   Code   RO         1647    .text.UART_TxISR_8BIT  stm32l4xx_hal_uart.o
    0x08001f98   0x08001f98   0x0000007c   Code   RO         1639    .text.UART_WaitOnFlagUntilTimeout  stm32l4xx_hal_uart.o
    0x08002014   0x08002014   0x00000008   Code   RO          102    .text.USART1_IRQHandler  stm32l4xx_it.o
    0x0800201c   0x0800201c   0x00000002   Code   RO           92    .text.UsageFault_Handler  stm32l4xx_it.o
    0x0800201e   0x0800201e   0x00000002   PAD
    0x08002020   0x08002020   0x00000024   Code   RO         1545    .text.__NVIC_SetPriority  stm32l4xx_hal_cortex.o
    0x08002044   0x08002044   0x00000020   Code   RO           60    .text.fputc         usart.o
    0x08002064   0x08002064   0x000000c8   Code   RO           21    .text.main          main.o
    0x0800212c   0x0800212c   0x00000020   Code   RO         1881    i.__0printf$1       mc_w.l(printf1.o)
    0x0800214c   0x0800214c   0x0000000e   Code   RO         2145    i.__scatterload_copy  mc_w.l(handlers.o)
    0x0800215a   0x0800215a   0x00000002   Code   RO         2146    i.__scatterload_null  mc_w.l(handlers.o)
    0x0800215c   0x0800215c   0x0000000e   Code   RO         2147    i.__scatterload_zeroinit  mc_w.l(handlers.o)
    0x0800216a   0x0800216a   0x00000002   PAD
    0x0800216c   0x0800216c   0x0000015a   Code   RO         1888    i._printf_core      mc_w.l(printf1.o)
    0x080022c6   0x080022c6   0x00000002   PAD
    0x080022c8   0x080022c8   0x00000024   Code   RO         1828    i.puts              mc_w.l(puts.o)
    0x080022ec   0x080022ec   0x00000010   Data   RO         1815    .rodata.AHBPrescTable  system_stm32l4xx.o
    0x080022fc   0x080022fc   0x00000008   Data   RO         1816    .rodata.APBPrescTable  system_stm32l4xx.o
    0x08002304   0x08002304   0x00000030   Data   RO         1817    .rodata.MSIRangeTable  system_stm32l4xx.o
    0x08002334   0x08002334   0x00000010   Data   RO         1777    .rodata.cst16       stm32l4xx_hal_uart.o
    0x08002344   0x08002344   0x00000020   Data   RO         2144    Region$$Table       anon$$obj.o


    Execution Region RW_IRAM1 (Exec base: 0x20000000, Load base: 0x08002368, Size: 0x000006f0, Max: 0x00010000, ABSOLUTE)

    Exec Addr    Load Addr    Size         Type   Attr      Idx    E Section Name        Object

    0x20000000   0x08002368   0x00000008   Data   RW          807    .data..L_MergedGlobals  stm32l4xx_hal.o
    0x20000008   0x08002370   0x00000004   Data   RW         1814    .data.SystemCoreClock  system_stm32l4xx.o
    0x2000000c   0x08002374   0x00000004   PAD
    0x20000010        -       0x00000004   Zero   RW           73    .bss.__stdout       usart.o
    0x20000014        -       0x0000004c   Zero   RW           51    .bss.htim2          tim.o
    0x20000060        -       0x00000080   Zero   RW           72    .bss.huart1         usart.o
    0x200000e0        -       0x00000208   Zero   RW           27    .bss.usart1_buf     main.o
    0x200002e8        -       0x00000004   Zero   RW          806    .bss.uwTick         stm32l4xx_hal.o
    0x200002ec   0x08002374   0x00000004   PAD
    0x200002f0        -       0x00000400   Zero   RW            1    STACK               startup_stm32l431xx.o


==============================================================================

Image component sizes


      Code (inc. data)   RO Data    RW Data    ZI Data      Debug   Object Name

       112          8          0          0          0       2274   gpio.o
       364         68          0          0        520       3196   main.o
        36          8        396          0       1024        812   startup_stm32l431xx.o
       156          8          0          8          4       8678   stm32l4xx_hal.o
       192         28          0          0          0       9919   stm32l4xx_hal_cortex.o
        74          0          0          0          0       7150   stm32l4xx_hal_dma.o
       402         20          0          0          0       5216   stm32l4xx_hal_gpio.o
        48          4          0          0          0       1557   stm32l4xx_hal_msp.o
       112          8          0          0          0       8257   stm32l4xx_hal_pwr_ex.o
      2074         84          0          0          0       9828   stm32l4xx_hal_rcc.o
       892         20          0          0          0      13284   stm32l4xx_hal_rcc_ex.o
       536         16          0          0          0      49674   stm32l4xx_hal_tim.o
       104          8          0          0          0      21436   stm32l4xx_hal_tim_ex.o
      2052        106         16          0          0      22548   stm32l4xx_hal_uart.o
         2          0          0          0          0       5895   stm32l4xx_hal_uart_ex.o
        28          0          0          0          0       1083   stm32l4xx_it.o
        76         12         72          4          0       3160   system_stm32l4xx.o
       144          8          0          0         76       5358   tim.o
       372         56          0          0        132       7509   usart.o

    ----------------------------------------------------------------------
      7792        462        516         12       1764     186834   Object Totals
         0          0         32          0          0          0   (incl. Generated)
        16          0          0          0          8          0   (incl. Padding)

    ----------------------------------------------------------------------

      Code (inc. data)   RO Data    RW Data    ZI Data      Debug   Library Member Name

         0          0          0          0          0          0   entry.o
         0          0          0          0          0          0   entry10a.o
         0          0          0          0          0          0   entry11a.o
         8          4          0          0          0          0   entry2.o
         4          0          0          0          0          0   entry5.o
         0          0          0          0          0          0   entry7b.o
         0          0          0          0          0          0   entry8b.o
         8          4          0          0          0          0   entry9a.o
        30          0          0          0          0          0   handlers.o
        36          8          0          0          0         68   init.o
        30          0          0          0          0         68   llshl.o
        32          0          0          0          0         68   llushr.o
        36          0          0          0          0        108   memseta.o
       378         14          0          0          0        184   printf1.o
        36          6          0          0          0         80   puts.o
        44          0          0          0          0         80   uidiv.o
       104          0          0          0          0         92   uldiv.o

    ----------------------------------------------------------------------
       752         36          0          0          0        748   Library Totals
         6          0          0          0          0          0   (incl. Padding)

    ----------------------------------------------------------------------

      Code (inc. data)   RO Data    RW Data    ZI Data      Debug   Library Name

       746         36          0          0          0        748   mc_w.l

    ----------------------------------------------------------------------
       752         36          0          0          0        748   Library Totals

    ----------------------------------------------------------------------

==============================================================================


      Code (inc. data)   RO Data    RW Data    ZI Data      Debug   

      8544        498        516         12       1764     187202   Grand Totals
      8544        498        516         12       1764     187202   ELF Image Totals
      8544        498        516         12          0          0   ROM Totals

==============================================================================

    Total RO  Size (Code + RO Data)                 9060 (   8.85kB)
    Total RW  Size (RW Data + ZI Data)              1776 (   1.73kB)
    Total ROM Size (Code + RO Data + RW Data)       9072 (   8.86kB)

==============================================================================

